Component: ARM Compiler 5.06 update 5 (build 528) Tool: armlink [4d35e2]

==============================================================================

Section Cross References

    glcd_scroll.o(i.append_char) refers to glcd_scroll.o(i.refresh_lcd) for refresh_lcd
    glcd_scroll.o(i.append_char) refers to glcd_spi_lpc1700.o(i.GLCD_DisplayChar) for GLCD_DisplayChar
    glcd_scroll.o(i.append_char) refers to glcd_scroll.o(i.last_line) for last_line
    glcd_scroll.o(i.append_char) refers to glcd_scroll.o(.data) for last_col_cahche
    glcd_scroll.o(i.append_char) refers to glcd_scroll.o(.bss) for chache
    glcd_scroll.o(i.init_scroll) refers to glcd_spi_lpc1700.o(i.GLCD_Init) for GLCD_Init
    glcd_scroll.o(i.init_scroll) refers to glcd_spi_lpc1700.o(i.GLCD_Clear) for GLCD_Clear
    glcd_scroll.o(i.init_scroll) refers to glcd_spi_lpc1700.o(i.GLCD_SetBackColor) for GLCD_SetBackColor
    glcd_scroll.o(i.init_scroll) refers to glcd_spi_lpc1700.o(i.GLCD_SetTextColor) for GLCD_SetTextColor
    glcd_scroll.o(i.init_scroll) refers to glcd_scroll.o(.data) for cache_start
    glcd_scroll.o(i.joyStickBusyWaitingMonitor) refers to glcd_scroll.o(i.moveUp) for moveUp
    glcd_scroll.o(i.joyStickBusyWaitingMonitor) refers to glcd_scroll.o(i.moveDown) for moveDown
    glcd_scroll.o(i.joyStickBusyWaitingMonitor) refers to glcd_scroll.o(i.moveFirst) for moveFirst
    glcd_scroll.o(i.joyStickBusyWaitingMonitor) refers to glcd_scroll.o(i.moveLast) for moveLast
    glcd_scroll.o(i.last_line) refers to glcd_scroll.o(.data) for cache_start
    glcd_scroll.o(i.last_window_line) refers to glcd_scroll.o(.data) for window_start
    glcd_scroll.o(i.moveDown) refers to glcd_scroll.o(i.last_line) for last_line
    glcd_scroll.o(i.moveDown) refers to glcd_scroll.o(i.last_window_line) for last_window_line
    glcd_scroll.o(i.moveDown) refers to glcd_scroll.o(i.refresh_lcd) for refresh_lcd
    glcd_scroll.o(i.moveDown) refers to glcd_scroll.o(.data) for window_start
    glcd_scroll.o(i.moveFirst) refers to glcd_scroll.o(i.refresh_lcd) for refresh_lcd
    glcd_scroll.o(i.moveFirst) refers to glcd_scroll.o(.data) for window_start
    glcd_scroll.o(i.moveLast) refers to glcd_scroll.o(i.last_line) for last_line
    glcd_scroll.o(i.moveLast) refers to glcd_scroll.o(i.last_window_line) for last_window_line
    glcd_scroll.o(i.moveLast) refers to glcd_scroll.o(i.refresh_lcd) for refresh_lcd
    glcd_scroll.o(i.moveLast) refers to glcd_scroll.o(.data) for cache_size
    glcd_scroll.o(i.moveUp) refers to glcd_scroll.o(i.refresh_lcd) for refresh_lcd
    glcd_scroll.o(i.moveUp) refers to glcd_scroll.o(.data) for window_start
    glcd_scroll.o(i.print_string) refers to glcd_scroll.o(i.print_text) for print_text
    glcd_scroll.o(i.print_text) refers to glcd_scroll.o(i.append_char) for append_char
    glcd_scroll.o(i.refresh_lcd) refers to glcd_spi_lpc1700.o(i.GLCD_Clear) for GLCD_Clear
    glcd_scroll.o(i.refresh_lcd) refers to glcd_spi_lpc1700.o(i.GLCD_DisplayString) for GLCD_DisplayString
    glcd_scroll.o(i.refresh_lcd) refers to glcd_scroll.o(.data) for window_start
    glcd_scroll.o(i.refresh_lcd) refers to glcd_scroll.o(.bss) for chache
    glcd_spi_lpc1700.o(i.GLCD_Bargraph) refers to glcd_spi_lpc1700.o(i.GLCD_SetWindow) for GLCD_SetWindow
    glcd_spi_lpc1700.o(i.GLCD_Bargraph) refers to glcd_spi_lpc1700.o(i.wr_cmd) for wr_cmd
    glcd_spi_lpc1700.o(i.GLCD_Bargraph) refers to glcd_spi_lpc1700.o(i.wr_dat_start) for wr_dat_start
    glcd_spi_lpc1700.o(i.GLCD_Bargraph) refers to glcd_spi_lpc1700.o(i.wr_dat_only) for wr_dat_only
    glcd_spi_lpc1700.o(i.GLCD_Bargraph) refers to glcd_spi_lpc1700.o(i.wr_dat_stop) for wr_dat_stop
    glcd_spi_lpc1700.o(i.GLCD_Bargraph) refers to glcd_spi_lpc1700.o(.data) for Color
    glcd_spi_lpc1700.o(i.GLCD_Bitmap) refers to glcd_spi_lpc1700.o(i.GLCD_SetWindow) for GLCD_SetWindow
    glcd_spi_lpc1700.o(i.GLCD_Bitmap) refers to glcd_spi_lpc1700.o(i.wr_cmd) for wr_cmd
    glcd_spi_lpc1700.o(i.GLCD_Bitmap) refers to glcd_spi_lpc1700.o(i.wr_dat_start) for wr_dat_start
    glcd_spi_lpc1700.o(i.GLCD_Bitmap) refers to glcd_spi_lpc1700.o(i.wr_dat_only) for wr_dat_only
    glcd_spi_lpc1700.o(i.GLCD_Bitmap) refers to glcd_spi_lpc1700.o(i.wr_dat_stop) for wr_dat_stop
    glcd_spi_lpc1700.o(i.GLCD_Clear) refers to glcd_spi_lpc1700.o(i.GLCD_WindowMax) for GLCD_WindowMax
    glcd_spi_lpc1700.o(i.GLCD_Clear) refers to glcd_spi_lpc1700.o(i.wr_cmd) for wr_cmd
    glcd_spi_lpc1700.o(i.GLCD_Clear) refers to glcd_spi_lpc1700.o(i.wr_dat_start) for wr_dat_start
    glcd_spi_lpc1700.o(i.GLCD_Clear) refers to glcd_spi_lpc1700.o(i.wr_dat_only) for wr_dat_only
    glcd_spi_lpc1700.o(i.GLCD_Clear) refers to glcd_spi_lpc1700.o(i.wr_dat_stop) for wr_dat_stop
    glcd_spi_lpc1700.o(i.GLCD_ClearLn) refers to glcd_spi_lpc1700.o(i.GLCD_WindowMax) for GLCD_WindowMax
    glcd_spi_lpc1700.o(i.GLCD_ClearLn) refers to glcd_spi_lpc1700.o(i.GLCD_DisplayString) for GLCD_DisplayString
[...]
    i.osMessageQueuePut                      0x000021e0   Section        0  rtx_msgqueue.o(i.osMessageQueuePut)
    i.osMutexAcquire                         0x00002234   Section        0  rtx_mutex.o(i.osMutexAcquire)
    i.osMutexDelete                          0x00002278   Section        0  rtx_mutex.o(i.osMutexDelete)
    i.osMutexNew                             0x000022b4   Section        0  rtx_mutex.o(i.osMutexNew)
    i.osMutexRelease                         0x000022f0   Section        0  rtx_mutex.o(i.osMutexRelease)
    i.osRtxErrorNotify                       0x0000232c   Section        0  rtx_config.o(i.osRtxErrorNotify)
    i.osRtxIdleThread                        0x0000234c   Section        0  rtx_config.o(i.osRtxIdleThread)
    i.osRtxKernelGetState                    0x00002350   Section        0  rtx_thread.o(i.osRtxKernelGetState)
    osRtxKernelGetState                      0x00002351   Thumb Code     6  rtx_thread.o(i.osRtxKernelGetState)
    i.osRtxKernelPreInit                     0x0000235c   Section        0  rtx_lib.o(i.osRtxKernelPreInit)
    i.osRtxMemoryAlloc                       0x0000235e   Section        0  rtx_memory.o(i.osRtxMemoryAlloc)
    i.osRtxMemoryFree                        0x0000244c   Section        0  rtx_memory.o(i.osRtxMemoryFree)
    i.osRtxMemoryInit                        0x000024c8   Section        0  rtx_memory.o(i.osRtxMemoryInit)
    i.osRtxMemoryPoolAlloc                   0x00002532   Section        0  rtx_mempool.o(i.osRtxMemoryPoolAlloc)
    i.osRtxMemoryPoolFree                    0x00002562   Section        0  rtx_mempool.o(i.osRtxMemoryPoolFree)
    i.osRtxMemoryPoolInit                    0x000025a6   Section        0  rtx_mempool.o(i.osRtxMemoryPoolInit)
    i.osRtxMessageQueuePostProcess           0x000025fe   Section        0  rtx_msgqueue.o(i.osRtxMessageQueuePostProcess)
    osRtxMessageQueuePostProcess             0x000025ff   Thumb Code   272  rtx_msgqueue.o(i.osRtxMessageQueuePostProcess)
    i.osRtxMutexOwnerRelease                 0x0000270e   Section        0  rtx_mutex.o(i.osRtxMutexOwnerRelease)
    i.osRtxPendSV_Handler                    0x0000276c   Section        0  rtx_system.o(i.osRtxPendSV_Handler)
    i.osRtxPostProcess                       0x000027f0   Section        0  rtx_system.o(i.osRtxPostProcess)
    i.osRtxThreadBlock                       0x0000282c   Section        0  rtx_thread.o(i.osRtxThreadBlock)
    osRtxThreadBlock                         0x0000282d   Thumb Code    58  rtx_thread.o(i.osRtxThreadBlock)
    i.osRtxThreadDelayInsert                 0x0000286c   Section        0  rtx_thread.o(i.osRtxThreadDelayInsert)
    osRtxThreadDelayInsert                   0x0000286d   Thumb Code    98  rtx_thread.o(i.osRtxThreadDelayInsert)
    i.osRtxThreadDelayRemove                 0x000028d4   Section        0  rtx_thread.o(i.osRtxThreadDelayRemove)
    osRtxThreadDelayRemove                   0x000028d5   Thumb Code   110  rtx_thread.o(i.osRtxThreadDelayRemove)
    i.osRtxThreadDelayTick                   0x00002948   Section        0  rtx_thread.o(i.osRtxThreadDelayTick)
    i.osRtxThreadDispatch                    0x00002a24   Section        0  rtx_thread.o(i.osRtxThreadDispatch)
    i.osRtxThreadFree                        0x00002a94   Section        0  rtx_thread.o(i.osRtxThreadFree)
    osRtxThreadFree                          0x00002a95   Thumb Code    94  rtx_thread.o(i.osRtxThreadFree)
    i.osRtxThreadGetRunning                  0x00002af8   Section        0  rtx_thread.o(i.osRtxThreadGetRunning)
    osRtxThreadGetRunning                    0x00002af9   Thumb Code     6  rtx_thread.o(i.osRtxThreadGetRunning)
    i.osRtxThreadListGet                     0x00002b04   Section        0  rtx_thread.o(i.osRtxThreadListGet)
    i.osRtxThreadListPut                     0x00002b20   Section        0  rtx_thread.o(i.osRtxThreadListPut)
    i.osRtxThreadListRemove                  0x00002b52   Section        0  rtx_thread.o(i.osRtxThreadListRemove)
    i.osRtxThreadListRoot                    0x00002b6c   Section        0  rtx_thread.o(i.osRtxThreadListRoot)
    osRtxThreadListRoot                      0x00002b6d   Thumb Code    18  rtx_thread.o(i.osRtxThreadListRoot)
    i.osRtxThreadListSort                    0x00002b7e   Section        0  rtx_thread.o(i.osRtxThreadListSort)
    i.osRtxThreadPostProcess                 0x00002ba8   Section        0  rtx_thread.o(i.osRtxThreadPostProcess)
    osRtxThreadPostProcess                   0x00002ba9   Thumb Code    50  rtx_thread.o(i.osRtxThreadPostProcess)
    i.osRtxThreadReadyPut                    0x00002bdc   Section        0  rtx_thread.o(i.osRtxThreadReadyPut)
    i.osRtxThreadRegPtr                      0x00002bf4   Section        0  rtx_thread.o(i.osRtxThreadRegPtr)
    i.osRtxThreadSetRunning                  0x00002c04   Section        0  rtx_thread.o(i.osRtxThreadSetRunning)
    osRtxThreadSetRunning                    0x00002c05   Thumb Code     6  rtx_thread.o(i.osRtxThreadSetRunning)
    i.osRtxThreadStackCheck                  0x00002c10   Section        0  rtx_thread.o(i.osRtxThreadStackCheck)
    i.osRtxThreadStartup                     0x00002c3c   Section        0  rtx_thread.o(i.osRtxThreadStartup)
    i.osRtxThreadSwitch                      0x00002c9c   Section        0  rtx_thread.o(i.osRtxThreadSwitch)
    i.osRtxThreadWaitEnter                   0x00002cb8   Section        0  rtx_thread.o(i.osRtxThreadWaitEnter)
    i.osRtxThreadWaitExit                    0x00002d0c   Section        0  rtx_thread.o(i.osRtxThreadWaitExit)
    i.osRtxTick_Handler                      0x00002d44   Section        0  rtx_system.o(i.osRtxTick_Handler)
    i.osRtxTimerThread                       0x00002de4   Section        0  rtx_timer.o(i.osRtxTimerThread)
    i.osRtxTimerTick                         0x00002e3c   Section        0  rtx_timer.o(i.osRtxTimerTick)
    osRtxTimerTick                           0x00002e3d   Thumb Code    88  rtx_timer.o(i.osRtxTimerTick)
    i.osThreadExit                           0x00002e98   Section        0  rtx_thread.o(i.osThreadExit)
    i.osThreadNew                            0x00002eb8   Section        0  rtx_thread.o(i.osThreadNew)
    i.osThreadYield                          0x00002f04   Section        0  rtx_thread.o(i.osThreadYield)
    i.os_kernel_is_active                    0x00002f3c   Section        0  rtx_lib.o(i.os_kernel_is_active)
    os_kernel_is_active                      0x00002f3d   Thumb Code    28  rtx_lib.o(i.os_kernel_is_active)
    i.rd_id_man                              0x00002f5c   Section        0  glcd_spi_lpc1700.o(i.rd_id_man)
    rd_id_man                                0x00002f5d   Thumb Code   132  glcd_spi_lpc1700.o(i.rd_id_man)
    i.rd_reg                                 0x00002fe8   Section        0  glcd_spi_lpc1700.o(i.rd_reg)
    rd_reg                                   0x00002fe9   Thumb Code    66  glcd_spi_lpc1700.o(i.rd_reg)
    i.spi_tran                               0x00003030   Section        0  glcd_spi_lpc1700.o(i.spi_tran)
    spi_tran                                 0x00003031   Thumb Code    28  glcd_spi_lpc1700.o(i.spi_tran)
    i.spi_tran_man                           0x00003050   Section        0  glcd_spi_lpc1700.o(i.spi_tran_man)
    spi_tran_man                             0x00003051   Thumb Code   124  glcd_spi_lpc1700.o(i.spi_tran_man)
    i.svcRtxDelay                            0x000030d0   Section        0  rtx_delay.o(i.svcRtxDelay)
    svcRtxDelay                              0x000030d1   Thumb Code    24  rtx_delay.o(i.svcRtxDelay)
    i.svcRtxKernelGetState                   0x000030e8   Section        0  rtx_kernel.o(i.svcRtxKernelGetState)
    svcRtxKernelGetState                     0x000030e9   Thumb Code    20  rtx_kernel.o(i.svcRtxKernelGetState)
    i.svcRtxKernelGetTickFreq                0x00003100   Section        0  rtx_kernel.o(i.svcRtxKernelGetTickFreq)
    svcRtxKernelGetTickFreq                  0x00003101   Thumb Code    16  rtx_kernel.o(i.svcRtxKernelGetTickFreq)
    i.svcRtxKernelInitialize                 0x00003114   Section        0  rtx_kernel.o(i.svcRtxKernelInitialize)
    svcRtxKernelInitialize                   0x00003115   Thumb Code   602  rtx_kernel.o(i.svcRtxKernelInitialize)
    i.svcRtxKernelStart                      0x00003378   Section        0  rtx_kernel.o(i.svcRtxKernelStart)
    svcRtxKernelStart                        0x00003379   Thumb Code   216  rtx_kernel.o(i.svcRtxKernelStart)
    i.svcRtxMessageQueueGet                  0x00003460   Section        0  rtx_msgqueue.o(i.svcRtxMessageQueueGet)
    svcRtxMessageQueueGet                    0x00003461   Thumb Code   316  rtx_msgqueue.o(i.svcRtxMessageQueueGet)
    i.svcRtxMessageQueueNew                  0x000035a0   Section        0  rtx_msgqueue.o(i.svcRtxMessageQueueNew)
    svcRtxMessageQueueNew                    0x000035a1   Thumb Code   396  rtx_msgqueue.o(i.svcRtxMessageQueueNew)
    i.svcRtxMessageQueuePut                  0x00003734   Section        0  rtx_msgqueue.o(i.svcRtxMessageQueuePut)
    svcRtxMessageQueuePut                    0x00003735   Thumb Code   292  rtx_msgqueue.o(i.svcRtxMessageQueuePut)
    i.svcRtxMutexAcquire                     0x0000385c   Section        0  rtx_mutex.o(i.svcRtxMutexAcquire)
    svcRtxMutexAcquire                       0x0000385d   Thumb Code   264  rtx_mutex.o(i.svcRtxMutexAcquire)
    i.svcRtxMutexDelete                      0x00003968   Section        0  rtx_mutex.o(i.svcRtxMutexDelete)
    svcRtxMutexDelete                        0x00003969   Thumb Code   230  rtx_mutex.o(i.svcRtxMutexDelete)
    i.svcRtxMutexNew                         0x00003a54   Section        0  rtx_mutex.o(i.svcRtxMutexNew)
    svcRtxMutexNew                           0x00003a55   Thumb Code   168  rtx_mutex.o(i.svcRtxMutexNew)
    i.svcRtxMutexRelease                     0x00003b00   Section        0  rtx_mutex.o(i.svcRtxMutexRelease)
    svcRtxMutexRelease                       0x00003b01   Thumb Code   260  rtx_mutex.o(i.svcRtxMutexRelease)
    i.svcRtxThreadExit                       0x00003c08   Section        0  rtx_thread.o(i.svcRtxThreadExit)
    svcRtxThreadExit                         0x00003c09   Thumb Code   142  rtx_thread.o(i.svcRtxThreadExit)
    i.svcRtxThreadNew                        0x00003c9c   Section        0  rtx_thread.o(i.svcRtxThreadNew)
    svcRtxThreadNew                          0x00003c9d   Thumb Code   610  rtx_thread.o(i.svcRtxThreadNew)
    i.svcRtxThreadYield                      0x00003f14   Section        0  rtx_thread.o(i.svcRtxThreadYield)
    svcRtxThreadYield                        0x00003f15   Thumb Code    66  rtx_thread.o(i.svcRtxThreadYield)
    i.turns                                  0x00003f5c   Section        0  main.o(i.turns)
    i.wr_cmd                                 0x00004174   Section        0  glcd_spi_lpc1700.o(i.wr_cmd)
    wr_cmd                                   0x00004175   Thumb Code    36  glcd_spi_lpc1700.o(i.wr_cmd)
    i.wr_dat                                 0x0000419c   Section        0  glcd_spi_lpc1700.o(i.wr_dat)
    wr_dat                                   0x0000419d   Thumb Code    36  glcd_spi_lpc1700.o(i.wr_dat)
    i.wr_dat_only                            0x000041c4   Section        0  glcd_spi_lpc1700.o(i.wr_dat_only)
    wr_dat_only                              0x000041c5   Thumb Code    18  glcd_spi_lpc1700.o(i.wr_dat_only)
    i.wr_dat_start                           0x000041d8   Section        0  glcd_spi_lpc1700.o(i.wr_dat_start)
    wr_dat_start                             0x000041d9   Thumb Code    16  glcd_spi_lpc1700.o(i.wr_dat_start)
    i.wr_dat_stop                            0x000041ec   Section        0  glcd_spi_lpc1700.o(i.wr_dat_stop)
    wr_dat_stop                              0x000041ed   Thumb Code     8  glcd_spi_lpc1700.o(i.wr_dat_stop)
    i.wr_reg                                 0x000041f8   Section        0  glcd_spi_lpc1700.o(i.wr_reg)
    wr_reg                                   0x000041f9   Thumb Code    20  glcd_spi_lpc1700.o(i.wr_reg)
    .constdata                               0x0000420c   Section     6272  glcd_spi_lpc1700.o(.constdata)
    .constdata                               0x00005a8c   Section        1  irq_cm3.o(.constdata)
    .constdata                               0x00005a90   Section      100  rtx_lib.o(.constdata)
    os_idle_thread_attr                      0x00005a90   Data          36  rtx_lib.o(.constdata)
    os_timer_thread_attr                     0x00005ab4   Data          36  rtx_lib.o(.constdata)
    os_timer_mq_attr                         0x00005ad8   Data          24  rtx_lib.o(.constdata)
    .conststrlit                             0x00005af4   Section       11  rtx_kernel.o(.conststrlit)
    .rodata                                  0x00005b00   Section      104  rtx_lib.o(.rodata)
    __tagsym$$used                           0x00005b00   Number         0  rtx_lib.o(.rodata)
    .bss.os                                  0x10000000   Section     4160  rtx_lib.o(.bss.os)
    os_mem                                   0x10000000   Data        4096  rtx_lib.o(.bss.os)
    os_isr_queue                             0x10001000   Data          64  rtx_lib.o(.bss.os)
    .bss.os.msgqueue.cb                      0x10001040   Section       52  rtx_lib.o(.bss.os.msgqueue.cb)
    os_timer_mq_cb                           0x10001040   Data          52  rtx_lib.o(.bss.os.msgqueue.cb)
    .bss.os.msgqueue.mem                     0x10001074   Section       80  rtx_lib.o(.bss.os.msgqueue.mem)
    os_timer_mq_data                         0x10001074   Data          80  rtx_lib.o(.bss.os.msgqueue.mem)
    .bss.os.thread.cb                        0x100010c4   Section      136  rtx_lib.o(.bss.os.thread.cb)
    os_idle_thread_cb                        0x100010c4   Data          68  rtx_lib.o(.bss.os.thread.cb)
    os_timer_thread_cb                       0x10001108   Data          68  rtx_lib.o(.bss.os.thread.cb)
    .bss.os.thread.stack                     0x10001150   Section      512  rtx_lib.o(.bss.os.thread.stack)
    os_idle_thread_stack                     0x10001150   Data         256  rtx_lib.o(.bss.os.thread.stack)
    os_timer_thread_stack                    0x10001250   Data         256  rtx_lib.o(.bss.os.thread.stack)
    .data                                    0x10001350   Section        5  glcd_spi_lpc1700.o(.data)
    Color                                    0x10001350   Data           4  glcd_spi_lpc1700.o(.data)
    Himax                                    0x10001354   Data           1  glcd_spi_lpc1700.o(.data)
    .data                                    0x10001358   Section       32  uart.o(.data)
    .data                                    0x10001378   Section       52  main.o(.data)
    .data                                    0x100013ac   Section        5  rtx_lib.o(.data)
    os_kernel_active                         0x100013b0   Data           1  rtx_lib.o(.data)
    .data                                    0x100013b1   Section        1  os_systick.o(.data)
    PendST                                   0x100013b1   Data           1  os_systick.o(.data)
    .data                                    0x100013b4   Section        4  system_lpc17xx.o(.data)
    .data.os                                 0x100013b8   Section      164  rtx_kernel.o(.data.os)
    .bss                                     0x1000145c   Section      128  uart.o(.bss)
    .bss                                     0x100014dc   Section       68  main.o(.bss)
    .bss                                     0x10001520   Section       96  libspace.o(.bss)
    HEAP                                     0x10001580   Section     8192  startup_lpc17xx.o(HEAP)
    Heap_Mem                                 0x10001580   Data        8192  startup_lpc17xx.o(HEAP)
    STACK                                    0x10003580   Section     8192  startup_lpc17xx.o(STACK)
    Stack_Mem                                0x10003580   Data        8192  startup_lpc17xx.o(STACK)
    __initial_sp                             0x10005580   Data           0  startup_lpc17xx.o(STACK)

    Global Symbols

    Symbol Name                              Value     Ov Type        Size  Object(Section)

    BuildAttributes$$THM_ISAv4$P$D$K$B$S$PE$A:L22UL41UL21$X:L11$S22US41US21$IEEE1$IW$USESV6$~STKCKD$USESV7$~SHL$OSPACE$ROPI$EBA8$UX$STANDARDLIB$REQ8$PRES8$EABIv2 0x00000000   Number         0  anon$$obj.o ABSOLUTE
    __ARM_use_no_argv                        0x00000000   Number         0  main.o ABSOLUTE
    __Vectors                                0x00000000   Data           4  startup_lpc17xx.o(RESET)
    .bss.os.evflags.cb$$Base                  - Undefined Weak Reference
    .bss.os.evflags.cb$$Limit                 - Undefined Weak Reference
    .bss.os.mempool.cb$$Base                  - Undefined Weak Reference
    .bss.os.mempool.cb$$Limit                 - Undefined Weak Reference
    .bss.os.mutex.cb$$Base                    - Undefined Weak Reference
    .bss.os.mutex.cb$$Limit                   - Undefined Weak Reference
    .bss.os.semaphore.cb$$Base                - Undefined Weak Reference
    .bss.os.semaphore.cb$$Limit               - Undefined Weak Reference
    .bss.os.timer.cb$$Base                    - Undefined Weak Reference
    .bss.os.timer.cb$$Limit                   - Undefined Weak Reference
    __ARM_exceptions_init                     - Undefined Weak Reference
    __alloca_initialize                       - Undefined Weak Reference
    __arm_preinit_                            - Undefined Weak Reference
    __cpp_initialize__aeabi_                  - Undefined Weak Reference
    __cxa_finalize                            - Undefined Weak Reference
    __rt_locale                               - Undefined Weak Reference
    __sigvec_lookup                           - Undefined Weak Reference
    _atexit_init                              - Undefined Weak Reference
    _call_atexit_fns                          - Undefined Weak Reference
    _clock_init                               - Undefined Weak Reference
    _fp_trap_init                             - Undefined Weak Reference
    _fp_trap_shutdown                         - Undefined Weak Reference
    _get_lc_collate                           - Undefined Weak Reference
    _get_lc_ctype                             - Undefined Weak Reference
    _get_lc_monetary                          - Undefined Weak Reference
    _get_lc_numeric                           - Undefined Weak Reference
    _get_lc_time                              - Undefined Weak Reference
    _getenv_init                              - Undefined Weak Reference
    _handle_redirection                       - Undefined Weak Reference
    _init_alloc                               - Undefined Weak Reference
    _init_user_alloc                          - Undefined Weak Reference
    _initio                                   - Undefined Weak Reference
    _printf_post_padding                      - Undefined Weak Reference
    _printf_pre_padding                       - Undefined Weak Reference
    _printf_truncate_signed                   - Undefined Weak Reference
    _printf_truncate_unsigned                 - Undefined Weak Reference
    _rand_init                                - Undefined Weak Reference
    _signal_finish                            - Undefined Weak Reference
    _signal_init                              - Undefined Weak Reference
    _terminate_alloc                          - Undefined Weak Reference
    _terminate_user_alloc                     - Undefined Weak Reference
    _terminateio                              - Undefined Weak Reference
    __main                                   0x000000cd   Thumb Code     8  __main.o(!!!main)
    __scatterload                            0x000000d5   Thumb Code     0  __scatter.o(!!!scatter)
    __scatterload_rt2                        0x000000d5   Thumb Code    44  __scatter.o(!!!scatter)
    __scatterload_rt2_thumb_only             0x000000d5   Thumb Code     0  __scatter.o(!!!scatter)
    __scatterload_null                       0x000000e3   Thumb Code     0  __scatter.o(!!!scatter)
    __decompress                             0x00000109   Thumb Code    58  __dczerorl.o(!!dczerorl)
    __decompress0                            0x00000109   Thumb Code     0  __dczerorl.o(!!dczerorl)
    __scatterload_zeroinit                   0x00000145   Thumb Code    28  __scatter_zi.o(!!handler_zi)
    _printf_d                                0x00000161   Thumb Code     0  _printf_d.o(.ARM.Collect$$_printf_percent$$00000009)
    _printf_percent                          0x00000161   Thumb Code     0  _printf_percent.o(.ARM.Collect$$_printf_percent$$00000000)
    _printf_percent_end                      0x00000167   Thumb Code     0  _printf_percent_end.o(.ARM.Collect$$_printf_percent$$00000017)
    __rt_lib_init                            0x0000016b   Thumb Code     0  libinit.o(.ARM.Collect$$libinit$$00000000)
    __rt_lib_init_alloca_1                   0x0000016d   Thumb Code     0  libinit2.o(.ARM.Collect$$libinit$$0000002E)
    __rt_lib_init_argv_1                     0x0000016d   Thumb Code     0  libinit2.o(.ARM.Collect$$libinit$$0000002C)
    __rt_lib_init_atexit_1                   0x0000016d   Thumb Code     0  libinit2.o(.ARM.Collect$$libinit$$0000001B)
    __rt_lib_init_clock_1                    0x0000016d   Thumb Code     0  libinit2.o(.ARM.Collect$$libinit$$00000021)
    __rt_lib_init_cpp_1                      0x0000016d   Thumb Code     0  libinit2.o(.ARM.Collect$$libinit$$00000032)
    __rt_lib_init_exceptions_1               0x0000016d   Thumb Code     0  libinit2.o(.ARM.Collect$$libinit$$00000030)
    __rt_lib_init_fp_1                       0x0000016d   Thumb Code     0  libinit2.o(.ARM.Collect$$libinit$$00000002)
    __rt_lib_init_fp_trap_1                  0x0000016d   Thumb Code     0  libinit2.o(.ARM.Collect$$libinit$$0000001F)
    __rt_lib_init_getenv_1                   0x0000016d   Thumb Code     0  libinit2.o(.ARM.Collect$$libinit$$00000023)
    __rt_lib_init_heap_1                     0x0000016d   Thumb Code     0  libinit2.o(.ARM.Collect$$libinit$$0000000A)
    __rt_lib_init_lc_collate_1               0x0000016d   Thumb Code     0  libinit2.o(.ARM.Collect$$libinit$$00000011)
    __rt_lib_init_lc_ctype_1                 0x0000016d   Thumb Code     0  libinit2.o(.ARM.Collect$$libinit$$00000013)
    __rt_lib_init_lc_monetary_1              0x0000016d   Thumb Code     0  libinit2.o(.ARM.Collect$$libinit$$00000015)
    __rt_lib_init_lc_numeric_1               0x0000016d   Thumb Code     0  libinit2.o(.ARM.Collect$$libinit$$00000017)
    __rt_lib_init_lc_time_1                  0x0000016d   Thumb Code     0  libinit2.o(.ARM.Collect$$libinit$$00000019)
    __rt_lib_init_preinit_1                  0x0000016d   Thumb Code     0  libinit2.o(.ARM.Collect$$libinit$$00000004)
    __rt_lib_init_rand_1                     0x0000016d   Thumb Code     0  libinit2.o(.ARM.Collect$$libinit$$0000000E)
    __rt_lib_init_return                     0x0000016d   Thumb Code     0  libinit2.o(.ARM.Collect$$libinit$$00000033)
    __rt_lib_init_signal_1                   0x0000016d   Thumb Code     0  libinit2.o(.ARM.Collect$$libinit$$0000001D)
    __rt_lib_init_stdio_1                    0x0000016d   Thumb Code     0  libinit2.o(.ARM.Collect$$libinit$$00000025)
    __rt_lib_init_user_alloc_1               0x0000016d   Thumb Code     0  libinit2.o(.ARM.Collect$$libinit$$0000000C)
    __rt_lib_shutdown                        0x0000016f   Thumb Code     0  libshutdown.o(.ARM.Collect$$libshutdown$$00000000)
    __rt_lib_shutdown_cpp_1                  0x00000171   Thumb Code     0  libshutdown2.o(.ARM.Collect$$libshutdown$$00000002)
    __rt_lib_shutdown_fp_trap_1              0x00000171   Thumb Code     0  libshutdown2.o(.ARM.Collect$$libshutdown$$00000007)
    __rt_lib_shutdown_heap_1                 0x00000171   Thumb Code     0  libshutdown2.o(.ARM.Collect$$libshutdown$$0000000F)
    __rt_lib_shutdown_return                 0x00000171   Thumb Code     0  libshutdown2.o(.ARM.Collect$$libshutdown$$00000010)
    __rt_lib_shutdown_signal_1               0x00000171   Thumb Code     0  libshutdown2.o(.ARM.Collect$$libshutdown$$0000000A)
    __rt_lib_shutdown_stdio_1                0x00000171   Thumb Code     0  libshutdown2.o(.ARM.Collect$$libshutdown$$00000004)
    __rt_lib_shutdown_user_alloc_1           0x00000171   Thumb Code     0  libshutdown2.o(.ARM.Collect$$libshutdown$$0000000C)
    __rt_entry                               0x00000173   Thumb Code     0  __rtentry.o(.ARM.Collect$$rtentry$$00000000)
    __rt_entry_presh_1                       0x00000173   Thumb Code     0  __rtentry2.o(.ARM.Collect$$rtentry$$00000002)
    __rt_entry_sh                            0x00000173   Thumb Code     0  __rtentry4.o(.ARM.Collect$$rtentry$$00000004)
    __rt_entry_postsh_1                      0x00000179   Thumb Code     0  __rtentry2.o(.ARM.Collect$$rtentry$$00000008)
    __rt_entry_li                            0x00000181   Thumb Code     0  __rtentry2.o(.ARM.Collect$$rtentry$$0000000A)
    __rt_entry_main                          0x00000185   Thumb Code     0  __rtentry2.o(.ARM.Collect$$rtentry$$0000000D)
    __rt_entry_postli_1                      0x00000185   Thumb Code     0  __rtentry2.o(.ARM.Collect$$rtentry$$0000000C)
    __rt_exit                                0x0000018d   Thumb Code     0  rtexit.o(.ARM.Collect$$rtexit$$00000000)
    __rt_exit_ls                             0x0000018f   Thumb Code     0  rtexit2.o(.ARM.Collect$$rtexit$$00000003)
    __rt_exit_prels_1                        0x0000018f   Thumb Code     0  rtexit2.o(.ARM.Collect$$rtexit$$00000002)
    __rt_exit_exit                           0x00000193   Thumb Code     0  rtexit2.o(.ARM.Collect$$rtexit$$00000004)
    __asm___13_rtx_mempool_c_7914b4c7__atomic_wr8 0x00000199   Thumb Code    16  rtx_mempool.o(.emb_text)
    __asm___13_rtx_mempool_c_7914b4c7__atomic_set32 0x000001a9   Thumb Code    20  rtx_mempool.o(.emb_text)
    __asm___13_rtx_mempool_c_7914b4c7__atomic_clr32 0x000001bd   Thumb Code    22  rtx_mempool.o(.emb_text)
    __asm___13_rtx_mempool_c_7914b4c7__atomic_chk32_all 0x000001d3   Thumb Code    38  rtx_mempool.o(.emb_text)
    __asm___13_rtx_mempool_c_7914b4c7__atomic_chk32_any 0x000001f9   Thumb Code    34  rtx_mempool.o(.emb_text)
    __asm___13_rtx_mempool_c_7914b4c7__atomic_inc32 0x0000021b   Thumb Code    18  rtx_mempool.o(.emb_text)
    __asm___13_rtx_mempool_c_7914b4c7__atomic_inc16_lt 0x0000022d   Thumb Code    30  rtx_mempool.o(.emb_text)
    __asm___13_rtx_mempool_c_7914b4c7__atomic_inc16_lim 0x0000024b   Thumb Code    26  rtx_mempool.o(.emb_text)
    __asm___13_rtx_mempool_c_7914b4c7__atomic_dec32 0x00000265   Thumb Code    18  rtx_mempool.o(.emb_text)
    __asm___13_rtx_mempool_c_7914b4c7__atomic_dec32_nz 0x00000277   Thumb Code    26  rtx_mempool.o(.emb_text)
    __asm___13_rtx_mempool_c_7914b4c7__atomic_dec16_nz 0x00000291   Thumb Code    26  rtx_mempool.o(.emb_text)
    __asm___13_rtx_mempool_c_7914b4c7__atomic_link_get 0x000002ab   Thumb Code    26  rtx_mempool.o(.emb_text)
    __asm___13_rtx_mempool_c_7914b4c7__atomic_link_put 0x000002c5   Thumb Code    28  rtx_mempool.o(.emb_text)
    __use_two_region_memory                  0x000002e1   Thumb Code     2  heapauxi.o(.text)
    __rt_heap_escrow$2region                 0x000002e3   Thumb Code     2  heapauxi.o(.text)
    __rt_heap_expand$2region                 0x000002e5   Thumb Code     2  heapauxi.o(.text)
    _sputc                                   0x000002e7   Thumb Code    10  _sputc.o(.text)
    __user_libspace                          0x000002f1   Thumb Code     8  libspace.o(.text)
    __user_perproc_libspace                  0x000002f1   Thumb Code     0  libspace.o(.text)
    EvrRtxEventFlagsWaitTimeout              0x000002f9   Thumb Code     2  rtx_evr.o(i.EvrRtxEventFlagsWaitTimeout)
    EvrRtxKernelError                        0x000002fb   Thumb Code     2  rtx_evr.o(i.EvrRtxKernelError)
    __asm___14_rtx_msgqueue_c_ba128ae8__atomic_wr8 0x00000301   Thumb Code    16  rtx_msgqueue.o(.emb_text)
    __asm___14_rtx_msgqueue_c_ba128ae8__atomic_set32 0x00000311   Thumb Code    20  rtx_msgqueue.o(.emb_text)
    __asm___14_rtx_msgqueue_c_ba128ae8__atomic_clr32 0x00000325   Thumb Code    22  rtx_msgqueue.o(.emb_text)
    __asm___14_rtx_msgqueue_c_ba128ae8__atomic_chk32_all 0x0000033b   Thumb Code    38  rtx_msgqueue.o(.emb_text)
    __asm___14_rtx_msgqueue_c_ba128ae8__atomic_chk32_any 0x00000361   Thumb Code    34  rtx_msgqueue.o(.emb_text)
    __asm___14_rtx_msgqueue_c_ba128ae8__atomic_inc32 0x00000383   Thumb Code    18  rtx_msgqueue.o(.emb_text)
    __asm___14_rtx_msgqueue_c_ba128ae8__atomic_inc16_lt 0x00000395   Thumb Code    30  rtx_msgqueue.o(.emb_text)
    __asm___14_rtx_msgqueue_c_ba128ae8__atomic_inc16_lim 0x000003b3   Thumb Code    26  rtx_msgqueue.o(.emb_text)
    __asm___14_rtx_msgqueue_c_ba128ae8__atomic_dec32 0x000003cd   Thumb Code    18  rtx_msgqueue.o(.emb_text)
    __asm___14_rtx_msgqueue_c_ba128ae8__atomic_dec32_nz 0x000003df   Thumb Code    26  rtx_msgqueue.o(.emb_text)
    __asm___14_rtx_msgqueue_c_ba128ae8__atomic_dec16_nz 0x000003f9   Thumb Code    26  rtx_msgqueue.o(.emb_text)
    __asm___14_rtx_msgqueue_c_ba128ae8__atomic_link_get 0x00000413   Thumb Code    26  rtx_msgqueue.o(.emb_text)
    __asm___14_rtx_msgqueue_c_ba128ae8__atomic_link_put 0x0000042d   Thumb Code    28  rtx_msgqueue.o(.emb_text)
    __asm___12_rtx_system_c_024f2f18__atomic_wr8 0x00000449   Thumb Code    16  rtx_system.o(.emb_text)
    __asm___12_rtx_system_c_024f2f18__atomic_set32 0x00000459   Thumb Code    20  rtx_system.o(.emb_text)
    __asm___12_rtx_system_c_024f2f18__atomic_clr32 0x0000046d   Thumb Code    22  rtx_system.o(.emb_text)
    __asm___12_rtx_system_c_024f2f18__atomic_chk32_all 0x00000483   Thumb Code    38  rtx_system.o(.emb_text)
    __asm___12_rtx_system_c_024f2f18__atomic_chk32_any 0x000004a9   Thumb Code    34  rtx_system.o(.emb_text)
    __asm___12_rtx_system_c_024f2f18__atomic_inc32 0x000004cb   Thumb Code    18  rtx_system.o(.emb_text)
    __asm___12_rtx_system_c_024f2f18__atomic_inc16_lt 0x000004dd   Thumb Code    30  rtx_system.o(.emb_text)
    __asm___12_rtx_system_c_024f2f18__atomic_inc16_lim 0x000004fb   Thumb Code    26  rtx_system.o(.emb_text)
    __asm___12_rtx_system_c_024f2f18__atomic_dec32 0x00000515   Thumb Code    18  rtx_system.o(.emb_text)
    __asm___12_rtx_system_c_024f2f18__atomic_dec32_nz 0x00000527   Thumb Code    26  rtx_system.o(.emb_text)
    __asm___12_rtx_system_c_024f2f18__atomic_dec16_nz 0x00000541   Thumb Code    26  rtx_system.o(.emb_text)
    __asm___12_rtx_system_c_024f2f18__atomic_link_get 0x0000055b   Thumb Code    26  rtx_system.o(.emb_text)
    __asm___12_rtx_system_c_024f2f18__atomic_link_put 0x00000575   Thumb Code    28  rtx_system.o(.emb_text)
    __asm___12_rtx_thread_c_add96be5__atomic_wr8 0x00000591   Thumb Code    16  rtx_thread.o(.emb_text)
    __asm___12_rtx_thread_c_add96be5__atomic_set32 0x000005a1   Thumb Code    20  rtx_thread.o(.emb_text)
    __asm___12_rtx_thread_c_add96be5__atomic_clr32 0x000005b5   Thumb Code    22  rtx_thread.o(.emb_text)
    __asm___12_rtx_thread_c_add96be5__atomic_chk32_all 0x000005cb   Thumb Code    38  rtx_thread.o(.emb_text)
    __asm___12_rtx_thread_c_add96be5__atomic_chk32_any 0x000005f1   Thumb Code    34  rtx_thread.o(.emb_text)
    __asm___12_rtx_thread_c_add96be5__atomic_inc32 0x00000613   Thumb Code    18  rtx_thread.o(.emb_text)
    __asm___12_rtx_thread_c_add96be5__atomic_inc16_lt 0x00000625   Thumb Code    30  rtx_thread.o(.emb_text)
    __asm___12_rtx_thread_c_add96be5__atomic_inc16_lim 0x00000643   Thumb Code    26  rtx_thread.o(.emb_text)
    __asm___12_rtx_thread_c_add96be5__atomic_dec32 0x0000065d   Thumb Code    18  rtx_thread.o(.emb_text)
    __asm___12_rtx_thread_c_add96be5__atomic_dec32_nz 0x0000066f   Thumb Code    26  rtx_thread.o(.emb_text)
    __asm___12_rtx_thread_c_add96be5__atomic_dec16_nz 0x00000689   Thumb Code    26  rtx_thread.o(.emb_text)
    __asm___12_rtx_thread_c_add96be5__atomic_link_get 0x000006a3   Thumb Code    26  rtx_thread.o(.emb_text)
    __asm___12_rtx_thread_c_add96be5__atomic_link_put 0x000006bd   Thumb Code    28  rtx_thread.o(.emb_text)
    SVC_Handler                              0x000006d9   Thumb Code   108  irq_cm3.o(.text)
    PendSV_Handler                           0x00000745   Thumb Code    16  irq_cm3.o(.text)
    SysTick_Handler                          0x00000755   Thumb Code    16  irq_cm3.o(.text)
    Reset_Handler                            0x0000076d   Thumb Code     8  startup_lpc17xx.o(.text)
    NMI_Handler                              0x00000775   Thumb Code     2  startup_lpc17xx.o(.text)
    HardFault_Handler                        0x00000777   Thumb Code     2  startup_lpc17xx.o(.text)
    MemManage_Handler                        0x00000779   Thumb Code     2  startup_lpc17xx.o(.text)
    BusFault_Handler                         0x0000077b   Thumb Code     2  startup_lpc17xx.o(.text)
    UsageFault_Handler                       0x0000077d   Thumb Code     2  startup_lpc17xx.o(.text)
    DebugMon_Handler                         0x00000781   Thumb Code     2  startup_lpc17xx.o(.text)
    ADC_IRQHandler                           0x00000787   Thumb Code     0  startup_lpc17xx.o(.text)
    BOD_IRQHandler                           0x00000787   Thumb Code     0  startup_lpc17xx.o(.text)
    CANActivity_IRQHandler                   0x00000787   Thumb Code     0  startup_lpc17xx.o(.text)
    CAN_IRQHandler                           0x00000787   Thumb Code     0  startup_lpc17xx.o(.text)
    DMA_IRQHandler                           0x00000787   Thumb Code     0  startup_lpc17xx.o(.text)
    EINT0_IRQHandler                         0x00000787   Thumb Code     0  startup_lpc17xx.o(.text)
    EINT1_IRQHandler                         0x00000787   Thumb Code     0  startup_lpc17xx.o(.text)
    EINT2_IRQHandler                         0x00000787   Thumb Code     0  startup_lpc17xx.o(.text)
    EINT3_IRQHandler                         0x00000787   Thumb Code     0  startup_lpc17xx.o(.text)
    ENET_IRQHandler                          0x00000787   Thumb Code     0  startup_lpc17xx.o(.text)
    I2C0_IRQHandler                          0x00000787   Thumb Code     0  startup_lpc17xx.o(.text)
    I2C1_IRQHandler                          0x00000787   Thumb Code     0  startup_lpc17xx.o(.text)
    I2C2_IRQHandler                          0x00000787   Thumb Code     0  startup_lpc17xx.o(.text)
    I2S_IRQHandler                           0x00000787   Thumb Code     0  startup_lpc17xx.o(.text)
    MCPWM_IRQHandler                         0x00000787   Thumb Code     0  startup_lpc17xx.o(.text)
    PLL0_IRQHandler                          0x00000787   Thumb Code     0  startup_lpc17xx.o(.text)
    PLL1_IRQHandler                          0x00000787   Thumb Code     0  startup_lpc17xx.o(.text)
    PWM1_IRQHandler                          0x00000787   Thumb Code     0  startup_lpc17xx.o(.text)
    QEI_IRQHandler                           0x00000787   Thumb Code     0  startup_lpc17xx.o(.text)
    RIT_IRQHandler                           0x00000787   Thumb Code     0  startup_lpc17xx.o(.text)
    RTC_IRQHandler                           0x00000787   Thumb Code     0  startup_lpc17xx.o(.text)
    SPI_IRQHandler                           0x00000787   Thumb Code     0  startup_lpc17xx.o(.text)
    SSP0_IRQHandler                          0x00000787   Thumb Code     0  startup_lpc17xx.o(.text)
    SSP1_IRQHandler                          0x00000787   Thumb Code     0  startup_lpc17xx.o(.text)
    TIMER0_IRQHandler                        0x00000787   Thumb Code     0  startup_lpc17xx.o(.text)
    TIMER1_IRQHandler                        0x00000787   Thumb Code     0  startup_lpc17xx.o(.text)
    TIMER2_IRQHandler                        0x00000787   Thumb Code     0  startup_lpc17xx.o(.text)
    TIMER3_IRQHandler                        0x00000787   Thumb Code     0  startup_lpc17xx.o(.text)
    UART2_IRQHandler                         0x00000787   Thumb Code     0  startup_lpc17xx.o(.text)
    UART3_IRQHandler                         0x00000787   Thumb Code     0  startup_lpc17xx.o(.text)
    USBActivity_IRQHandler                   0x00000787   Thumb Code     0  startup_lpc17xx.o(.text)
    USB_IRQHandler                           0x00000787   Thumb Code     0  startup_lpc17xx.o(.text)
    WDT_IRQHandler                           0x00000787   Thumb Code     0  startup_lpc17xx.o(.text)
    __user_initial_stackheap                 0x00000789   Thumb Code     0  startup_lpc17xx.o(.text)
    __2sprintf                               0x000007ad   Thumb Code    34  noretval__2sprintf.o(.text)
    __printf                                 0x000007d5   Thumb Code   104  __printf.o(.text)
    _printf_int_dec                          0x0000083d   Thumb Code   104  _printf_dec.o(.text)
    __aeabi_memcpy                           0x000008b5   Thumb Code     0  rt_memcpy_v6.o(.text)
    __rt_memcpy                              0x000008b5   Thumb Code   138  rt_memcpy_v6.o(.text)
    _memcpy_lastbytes                        0x0000091b   Thumb Code     0  rt_memcpy_v6.o(.text)
    __aeabi_memclr                           0x0000093f   Thumb Code     0  rt_memclr.o(.text)
    __rt_memclr                              0x0000093f   Thumb Code    68  rt_memclr.o(.text)
    _memset                                  0x00000943   Thumb Code     0  rt_memclr.o(.text)
    __aeabi_memclr4                          0x00000983   Thumb Code     0  rt_memclr_w.o(.text)
    __aeabi_memclr8                          0x00000983   Thumb Code     0  rt_memclr_w.o(.text)
    __rt_memclr_w                            0x00000983   Thumb Code    78  rt_memclr_w.o(.text)
    _memset_w                                0x00000987   Thumb Code     0  rt_memclr_w.o(.text)
    _printf_int_common                       0x000009d1   Thumb Code   178  _printf_intcommon.o(.text)
    _printf_char_common                      0x00000a8f   Thumb Code    32  _printf_char_common.o(.text)
    __aeabi_memcpy4                          0x00000ab5   Thumb Code     0  rt_memcpy_w.o(.text)
    __aeabi_memcpy8                          0x00000ab5   Thumb Code     0  rt_memcpy_w.o(.text)
    __rt_memcpy_w                            0x00000ab5   Thumb Code   100  rt_memcpy_w.o(.text)
    _memcpy_lastbytes_aligned                0x00000afd   Thumb Code     0  rt_memcpy_w.o(.text)
    __user_setup_stackheap                   0x00000b19   Thumb Code    74  sys_stackheap_outer.o(.text)
    exit                                     0x00000b63   Thumb Code    18  exit.o(.text)
    EvrRtxKernelGetState                     0x00000b75   Thumb Code     2  rtx_evr.o(i.EvrRtxKernelGetState)
    EvrRtxKernelGetTickFreq                  0x00000b77   Thumb Code     2  rtx_evr.o(i.EvrRtxKernelGetTickFreq)
    EvrRtxKernelInitialize                   0x00000b79   Thumb Code     2  rtx_evr.o(i.EvrRtxKernelInitialize)
    EvrRtxKernelInitialized                  0x00000b7b   Thumb Code     2  rtx_evr.o(i.EvrRtxKernelInitialized)
    EvrRtxKernelStart                        0x00000b7d   Thumb Code     2  rtx_evr.o(i.EvrRtxKernelStart)
    EvrRtxKernelStarted                      0x00000b7f   Thumb Code     2  rtx_evr.o(i.EvrRtxKernelStarted)
    EvrRtxMemoryAlloc                        0x00000b81   Thumb Code     2  rtx_evr.o(i.EvrRtxMemoryAlloc)
    EvrRtxMemoryBlockAlloc                   0x00000b83   Thumb Code     2  rtx_evr.o(i.EvrRtxMemoryBlockAlloc)
    EvrRtxMemoryBlockFree                    0x00000b85   Thumb Code     2  rtx_evr.o(i.EvrRtxMemoryBlockFree)
    EvrRtxMemoryBlockInit                    0x00000b87   Thumb Code     2  rtx_evr.o(i.EvrRtxMemoryBlockInit)
    EvrRtxMemoryFree                         0x00000b89   Thumb Code     2  rtx_evr.o(i.EvrRtxMemoryFree)
    EvrRtxMemoryInit                         0x00000b8b   Thumb Code     2  rtx_evr.o(i.EvrRtxMemoryInit)
    EvrRtxMemoryPoolAllocTimeout             0x00000b8d   Thumb Code     2  rtx_evr.o(i.EvrRtxMemoryPoolAllocTimeout)
    EvrRtxMessageQueueCreated                0x00000b8f   Thumb Code     2  rtx_evr.o(i.EvrRtxMessageQueueCreated)
    EvrRtxMessageQueueError                  0x00000b91   Thumb Code     2  rtx_evr.o(i.EvrRtxMessageQueueError)
    EvrRtxMessageQueueGet                    0x00000b93   Thumb Code     2  rtx_evr.o(i.EvrRtxMessageQueueGet)
    EvrRtxMessageQueueGetPending             0x00000b95   Thumb Code     2  rtx_evr.o(i.EvrRtxMessageQueueGetPending)
    EvrRtxMessageQueueGetTimeout             0x00000b97   Thumb Code     2  rtx_evr.o(i.EvrRtxMessageQueueGetTimeout)
    EvrRtxMessageQueueInsertPending          0x00000b99   Thumb Code     2  rtx_evr.o(i.EvrRtxMessageQueueInsertPending)
    EvrRtxMessageQueueInserted               0x00000b9b   Thumb Code     2  rtx_evr.o(i.EvrRtxMessageQueueInserted)
    EvrRtxMessageQueueNew                    0x00000b9d   Thumb Code     2  rtx_evr.o(i.EvrRtxMessageQueueNew)
    EvrRtxMessageQueueNotInserted            0x00000b9f   Thumb Code     2  rtx_evr.o(i.EvrRtxMessageQueueNotInserted)
    EvrRtxMessageQueueNotRetrieved           0x00000ba1   Thumb Code     2  rtx_evr.o(i.EvrRtxMessageQueueNotRetrieved)
    EvrRtxMessageQueuePut                    0x00000ba3   Thumb Code     2  rtx_evr.o(i.EvrRtxMessageQueuePut)
    EvrRtxMessageQueuePutPending             0x00000ba5   Thumb Code     2  rtx_evr.o(i.EvrRtxMessageQueuePutPending)
    EvrRtxMessageQueuePutTimeout             0x00000ba7   Thumb Code     2  rtx_evr.o(i.EvrRtxMessageQueuePutTimeout)
    EvrRtxMessageQueueRetrieved              0x00000ba9   Thumb Code     2  rtx_evr.o(i.EvrRtxMessageQueueRetrieved)
    EvrRtxMutexAcquire                       0x00000bab   Thumb Code     2  rtx_evr.o(i.EvrRtxMutexAcquire)
    EvrRtxMutexAcquirePending                0x00000bad   Thumb Code     2  rtx_evr.o(i.EvrRtxMutexAcquirePending)
    EvrRtxMutexAcquireTimeout                0x00000baf   Thumb Code     2  rtx_evr.o(i.EvrRtxMutexAcquireTimeout)
    EvrRtxMutexAcquired                      0x00000bb1   Thumb Code     2  rtx_evr.o(i.EvrRtxMutexAcquired)
    EvrRtxMutexCreated                       0x00000bb3   Thumb Code     2  rtx_evr.o(i.EvrRtxMutexCreated)
    EvrRtxMutexDelete                        0x00000bb5   Thumb Code     2  rtx_evr.o(i.EvrRtxMutexDelete)
    EvrRtxMutexDestroyed                     0x00000bb7   Thumb Code     2  rtx_evr.o(i.EvrRtxMutexDestroyed)
    EvrRtxMutexError                         0x00000bb9   Thumb Code     2  rtx_evr.o(i.EvrRtxMutexError)
    EvrRtxMutexNew                           0x00000bbb   Thumb Code     2  rtx_evr.o(i.EvrRtxMutexNew)
    EvrRtxMutexNotAcquired                   0x00000bbd   Thumb Code     2  rtx_evr.o(i.EvrRtxMutexNotAcquired)
    EvrRtxMutexRelease                       0x00000bbf   Thumb Code     2  rtx_evr.o(i.EvrRtxMutexRelease)
    EvrRtxMutexReleased                      0x00000bc1   Thumb Code     2  rtx_evr.o(i.EvrRtxMutexReleased)
    EvrRtxSemaphoreAcquireTimeout            0x00000bc3   Thumb Code     2  rtx_evr.o(i.EvrRtxSemaphoreAcquireTimeout)
    EvrRtxThreadBlocked                      0x00000bc5   Thumb Code     2  rtx_evr.o(i.EvrRtxThreadBlocked)
    EvrRtxThreadCreated                      0x00000bc7   Thumb Code     2  rtx_evr.o(i.EvrRtxThreadCreated)
    EvrRtxThreadDelay                        0x00000bc9   Thumb Code     2  rtx_evr.o(i.EvrRtxThreadDelay)
    EvrRtxThreadDelayCompleted               0x00000bcb   Thumb Code     2  rtx_evr.o(i.EvrRtxThreadDelayCompleted)
    EvrRtxThreadDestroyed                    0x00000bcd   Thumb Code     2  rtx_evr.o(i.EvrRtxThreadDestroyed)
    EvrRtxThreadError                        0x00000bcf   Thumb Code     2  rtx_evr.o(i.EvrRtxThreadError)
    EvrRtxThreadExit                         0x00000bd1   Thumb Code     2  rtx_evr.o(i.EvrRtxThreadExit)
    EvrRtxThreadFlagsWaitCompleted           0x00000bd3   Thumb Code     2  rtx_evr.o(i.EvrRtxThreadFlagsWaitCompleted)
    EvrRtxThreadFlagsWaitTimeout             0x00000bd5   Thumb Code     2  rtx_evr.o(i.EvrRtxThreadFlagsWaitTimeout)
    EvrRtxThreadJoined                       0x00000bd7   Thumb Code     2  rtx_evr.o(i.EvrRtxThreadJoined)
    EvrRtxThreadNew                          0x00000bd9   Thumb Code     2  rtx_evr.o(i.EvrRtxThreadNew)
    EvrRtxThreadPreempted                    0x00000bdb   Thumb Code     2  rtx_evr.o(i.EvrRtxThreadPreempted)
    EvrRtxThreadSwitched                     0x00000bdd   Thumb Code     2  rtx_evr.o(i.EvrRtxThreadSwitched)
    EvrRtxThreadUnblocked                    0x00000bdf   Thumb Code     2  rtx_evr.o(i.EvrRtxThreadUnblocked)
    EvrRtxThreadYield                        0x00000be1   Thumb Code     2  rtx_evr.o(i.EvrRtxThreadYield)
    EvrRtxTimerCallback                      0x00000be3   Thumb Code     2  rtx_evr.o(i.EvrRtxTimerCallback)
    GLCD_Clear                               0x00000be5   Thumb Code    42  glcd_spi_lpc1700.o(i.GLCD_Clear)
    GLCD_DisplayChar                         0x00000c11   Thumb Code    84  glcd_spi_lpc1700.o(i.GLCD_DisplayChar)
    GLCD_DisplayString                       0x00000c6d   Thumb Code    40  glcd_spi_lpc1700.o(i.GLCD_DisplayString)
    GLCD_DrawChar                            0x00000c95   Thumb Code   150  glcd_spi_lpc1700.o(i.GLCD_DrawChar)
    GLCD_Init                                0x00000d31   Thumb Code  1506  glcd_spi_lpc1700.o(i.GLCD_Init)
    GLCD_SetBackColor                        0x00001319   Thumb Code     6  glcd_spi_lpc1700.o(i.GLCD_SetBackColor)
    GLCD_SetTextColor                        0x00001325   Thumb Code     6  glcd_spi_lpc1700.o(i.GLCD_SetTextColor)
    GLCD_SetWindow                           0x00001331   Thumb Code   168  glcd_spi_lpc1700.o(i.GLCD_SetWindow)
    GLCD_WindowMax                           0x000013dd   Thumb Code    18  glcd_spi_lpc1700.o(i.GLCD_WindowMax)
    OS_Tick_AcknowledgeIRQ                   0x00001573   Thumb Code     8  os_systick.o(i.OS_Tick_AcknowledgeIRQ)
    OS_Tick_Enable                           0x0000157d   Thumb Code    38  os_systick.o(i.OS_Tick_Enable)
    OS_Tick_GetIRQn                          0x000015ad   Thumb Code     6  os_systick.o(i.OS_Tick_GetIRQn)
    OS_Tick_Setup                            0x000015b5   Thumb Code    66  os_systick.o(i.OS_Tick_Setup)
    SystemInit                               0x00001605   Thumb Code   302  system_lpc17xx.o(i.SystemInit)
    UART0_IRQHandler                         0x000017f5   Thumb Code    88  uart.o(i.UART0_IRQHandler)
    UART1_IRQHandler                         0x0000185d   Thumb Code    90  uart.o(i.UART1_IRQHandler)
    _mutex_acquire                           0x000018cd   Thumb Code    22  rtx_lib.o(i._mutex_acquire)
    _mutex_free                              0x000018e3   Thumb Code    12  rtx_lib.o(i._mutex_free)
    _mutex_initialize                        0x000018ef   Thumb Code    34  rtx_lib.o(i._mutex_initialize)
    _mutex_release                           0x00001911   Thumb Code    18  rtx_lib.o(i._mutex_release)
    _platform_post_stackheap_init            0x00001923   Thumb Code     8  rtx_lib.o(i._platform_post_stackheap_init)
    _sys_exit                                0x0000192b   Thumb Code     4  retarget.o(i._sys_exit)
    board                                    0x00001931   Thumb Code   888  main.o(i.board)
    check_winner                             0x00001d1d   Thumb Code   318  main.o(i.check_winner)
    main                                     0x00002005   Thumb Code    42  main.o(i.main)
    osDelay                                  0x0000203d   Thumb Code    56  rtx_delay.o(i.osDelay)
    osKernelGetState                         0x00002079   Thumb Code    44  rtx_kernel.o(i.osKernelGetState)
    osKernelGetTickFreq                      0x000020a9   Thumb Code    38  rtx_kernel.o(i.osKernelGetTickFreq)
    osKernelInitialize                       0x000020d5   Thumb Code    52  rtx_kernel.o(i.osKernelInitialize)
    osKernelStart                            0x0000210d   Thumb Code    48  rtx_kernel.o(i.osKernelStart)
    osMessageQueueGet                        0x00002141   Thumb Code    78  rtx_msgqueue.o(i.osMessageQueueGet)
    osMessageQueueNew                        0x00002195   Thumb Code    70  rtx_msgqueue.o(i.osMessageQueueNew)
    osMessageQueuePut                        0x000021e1   Thumb Code    78  rtx_msgqueue.o(i.osMessageQueuePut)
    osMutexAcquire                           0x00002235   Thumb Code    62  rtx_mutex.o(i.osMutexAcquire)
    osMutexDelete                            0x00002279   Thumb Code    56  rtx_mutex.o(i.osMutexDelete)
    osMutexNew                               0x000022b5   Thumb Code    54  rtx_mutex.o(i.osMutexNew)
    osMutexRelease                           0x000022f1   Thumb Code    56  rtx_mutex.o(i.osMutexRelease)
    osRtxErrorNotify                         0x0000232d   Thumb Code    32  rtx_config.o(i.osRtxErrorNotify)
    osRtxIdleThread                          0x0000234d   Thumb Code     4  rtx_config.o(i.osRtxIdleThread)
    osRtxKernelPreInit                       0x0000235d   Thumb Code     2  rtx_lib.o(i.osRtxKernelPreInit)
    osRtxMemoryAlloc                         0x0000235f   Thumb Code   238  rtx_memory.o(i.osRtxMemoryAlloc)
    osRtxMemoryFree                          0x0000244d   Thumb Code   124  rtx_memory.o(i.osRtxMemoryFree)
    osRtxMemoryInit                          0x000024c9   Thumb Code   106  rtx_memory.o(i.osRtxMemoryInit)
    osRtxMemoryPoolAlloc                     0x00002533   Thumb Code    48  rtx_mempool.o(i.osRtxMemoryPoolAlloc)
    osRtxMemoryPoolFree                      0x00002563   Thumb Code    68  rtx_mempool.o(i.osRtxMemoryPoolFree)
    osRtxMemoryPoolInit                      0x000025a7   Thumb Code    88  rtx_mempool.o(i.osRtxMemoryPoolInit)
    osRtxMutexOwnerRelease                   0x0000270f   Thumb Code    94  rtx_mutex.o(i.osRtxMutexOwnerRelease)
    osRtxPendSV_Handler                      0x0000276d   Thumb Code   126  rtx_system.o(i.osRtxPendSV_Handler)
    osRtxPostProcess                         0x000027f1   Thumb Code    50  rtx_system.o(i.osRtxPostProcess)
    osRtxThreadDelayTick                     0x00002949   Thumb Code   216  rtx_thread.o(i.osRtxThreadDelayTick)
    osRtxThreadDispatch                      0x00002a25   Thumb Code   106  rtx_thread.o(i.osRtxThreadDispatch)
    osRtxThreadListGet                       0x00002b05   Thumb Code    28  rtx_thread.o(i.osRtxThreadListGet)
    osRtxThreadListPut                       0x00002b21   Thumb Code    50  rtx_thread.o(i.osRtxThreadListPut)
    osRtxThreadListRemove                    0x00002b53   Thumb Code    26  rtx_thread.o(i.osRtxThreadListRemove)
    osRtxThreadListSort                      0x00002b7f   Thumb Code    42  rtx_thread.o(i.osRtxThreadListSort)
    osRtxThreadReadyPut                      0x00002bdd   Thumb Code    18  rtx_thread.o(i.osRtxThreadReadyPut)
    osRtxThreadRegPtr                        0x00002bf5   Thumb Code    14  rtx_thread.o(i.osRtxThreadRegPtr)
    osRtxThreadStackCheck                    0x00002c11   Thumb Code    38  rtx_thread.o(i.osRtxThreadStackCheck)
    osRtxThreadStartup                       0x00002c3d   Thumb Code    78  rtx_thread.o(i.osRtxThreadStartup)
    osRtxThreadSwitch                        0x00002c9d   Thumb Code    24  rtx_thread.o(i.osRtxThreadSwitch)
    osRtxThreadWaitEnter                     0x00002cb9   Thumb Code    78  rtx_thread.o(i.osRtxThreadWaitEnter)
    osRtxThreadWaitExit                      0x00002d0d   Thumb Code    54  rtx_thread.o(i.osRtxThreadWaitExit)
    osRtxTick_Handler                        0x00002d45   Thumb Code   154  rtx_system.o(i.osRtxTick_Handler)
    osRtxTimerThread                         0x00002de5   Thumb Code    76  rtx_timer.o(i.osRtxTimerThread)
    osThreadExit                             0x00002e99   Thumb Code    28  rtx_thread.o(i.osThreadExit)
    osThreadNew                              0x00002eb9   Thumb Code    70  rtx_thread.o(i.osThreadNew)
    osThreadYield                            0x00002f05   Thumb Code    50  rtx_thread.o(i.osThreadYield)
    turns                                    0x00003f5d   Thumb Code   498  main.o(i.turns)
    Font_6x8_h                               0x0000420c   Data         896  glcd_spi_lpc1700.o(.constdata)
    Font_16x24_h                             0x0000458c   Data        5376  glcd_spi_lpc1700.o(.constdata)
    irqRtxLib                                0x00005a8c   Data           1  irq_cm3.o(.constdata)
    osRtxUserSVC                             0x00005af0   Data           4  rtx_lib.o(.constdata)
    osRtxConfig                              0x00005b00   Data         104  rtx_lib.o(.rodata)
    Region$$Table$$Base                      0x00005b68   Number         0  anon$$obj.o(Region$$Table)
    Region$$Table$$Limit                     0x00005b88   Number         0  anon$$obj.o(Region$$Table)
    .bss.os.msgqueue.cb$$Base                0x10001040   Number         0  rtx_lib.o(.bss.os.msgqueue.cb)
    .bss.os.msgqueue.cb$$Limit               0x10001074   Number         0  rtx_lib.o(.bss.os.msgqueue.cb)
    .bss.os.thread.cb$$Base                  0x100010c4   Number         0  rtx_lib.o(.bss.os.thread.cb)
    .bss.os.thread.cb$$Limit                 0x1000114c   Number         0  rtx_lib.o(.bss.os.thread.cb)
    ITM_RxBuffer                             0x10001358   Data           4  uart.o(.data)
    UART0Status                              0x1000135c   Data           4  uart.o(.data)
    UART1Status                              0x10001360   Data           4  uart.o(.data)
    UART0TxEmpty                             0x10001364   Data           1  uart.o(.data)
    UART1TxEmpty                             0x10001365   Data           1  uart.o(.data)
    UART0Count                               0x10001368   Data           4  uart.o(.data)
    UART1Count                               0x1000136c   Data           4  uart.o(.data)
    RcvLock0                                 0x10001370   Data           1  uart.o(.data)
    SndLock0                                 0x10001371   Data           1  uart.o(.data)
    RcvLock1                                 0x10001372   Data           1  uart.o(.data)
    SndLock1                                 0x10001373   Data           1  uart.o(.data)
    i                                        0x10001374   Data           4  uart.o(.data)
    p1                                       0x10001378   Data           4  main.o(.data)
    p2                                       0x1000137c   Data           4  main.o(.data)
    tie                                      0x10001380   Data           4  main.o(.data)
    matrix_size                              0x10001384   Data           4  main.o(.data)
    lag                                      0x10001388   Data           4  main.o(.data)
    ind_i                                    0x1000138c   Data           4  main.o(.data)
    ind_j                                    0x10001390   Data           4  main.o(.data)
    ind_prev_i                               0x10001394   Data           4  main.o(.data)
    ind_prev_j                               0x10001398   Data           4  main.o(.data)
    turn                                     0x1000139c   Data           4  main.o(.data)
    count                                    0x100013a0   Data           4  main.o(.data)
    win                                      0x100013a4   Data           4  main.o(.data)
    reset                                    0x100013a8   Data           4  main.o(.data)
    irqRtxLibRef                             0x100013ac   Data           4  rtx_lib.o(.data)
    SystemCoreClock                          0x100013b4   Data           4  system_lpc17xx.o(.data)
    osRtxInfo                                0x100013b8   Data         164  rtx_kernel.o(.data.os)
    UART0Buffer                              0x1000145c   Data          64  uart.o(.bss)
    UART1Buffer                              0x1000149c   Data          64  uart.o(.bss)
    s_p1                                     0x100014dc   Data          10  main.o(.bss)
    s_p2                                     0x100014e6   Data          10  main.o(.bss)
    s_tie                                    0x100014f0   Data          10  main.o(.bss)
    matrix                                   0x100014fc   Data          36  main.o(.bss)
    __libspace_start                         0x10001520   Data          96  libspace.o(.bss)
    __temporary_stack_top$libspace           0x10001580   Data           0  libspace.o(.bss)



==============================================================================

Memory Map of the image

  Image Entry point : 0x0000076d

  Load Region LR_1 (Base: 0x00000000, Size: 0x00006fe4, Max: 0xffffffff, ABSOLUTE, COMPRESSED[0x00005bd4])

    Execution Region ER_RO (Exec base: 0x00000000, Load base: 0x00000000, Size: 0x00005b88, Max: 0xffffffff, ABSOLUTE)

    Exec Addr    Load Addr    Size         Type   Attr      Idx    E Section Name        Object

    0x00000000   0x00000000   0x000000cc   Data   RO         3440    RESET               startup_lpc17xx.o
    0x000000cc   0x000000cc   0x00000008   Code   RO         3526  * !!!main             c_w.l(__main.o)
    0x000000d4   0x000000d4   0x00000034   Code   RO         3700    !!!scatter          c_w.l(__scatter.o)
    0x00000108   0x00000108   0x0000003a   Code   RO         3698    !!dczerorl          c_w.l(__dczerorl.o)
    0x00000142   0x00000142   0x00000002   PAD
    0x00000144   0x00000144   0x0000001c   Code   RO         3702    !!handler_zi        c_w.l(__scatter_zi.o)
    0x00000160   0x00000160   0x00000000   Code   RO         3517    .ARM.Collect$$_printf_percent$$00000000  c_w.l(_printf_percent.o)
    0x00000160   0x00000160   0x00000006   Code   RO         3516    .ARM.Collect$$_printf_percent$$00000009  c_w.l(_printf_d.o)
    0x00000166   0x00000166   0x00000004   Code   RO         3539    .ARM.Collect$$_printf_percent$$00000017  c_w.l(_printf_percent_end.o)
    0x0000016a   0x0000016a   0x00000002   Code   RO         3572    .ARM.Collect$$libinit$$00000000  c_w.l(libinit.o)
    0x0000016c   0x0000016c   0x00000000   Code   RO         3585    .ARM.Collect$$libinit$$00000002  c_w.l(libinit2.o)
    0x0000016c   0x0000016c   0x00000000   Code   RO         3587    .ARM.Collect$$libinit$$00000004  c_w.l(libinit2.o)
    0x0000016c   0x0000016c   0x00000000   Code   RO         3590    .ARM.Collect$$libinit$$0000000A  c_w.l(libinit2.o)
    0x0000016c   0x0000016c   0x00000000   Code   RO         3592    .ARM.Collect$$libinit$$0000000C  c_w.l(libinit2.o)
    0x0000016c   0x0000016c   0x00000000   Code   RO         3594    .ARM.Collect$$libinit$$0000000E  c_w.l(libinit2.o)
    0x0000016c   0x0000016c   0x00000000   Code   RO         3597    .ARM.Collect$$libinit$$00000011  c_w.l(libinit2.o)
    0x0000016c   0x0000016c   0x00000000   Code   RO         3599    .ARM.Collect$$libinit$$00000013  c_w.l(libinit2.o)
    0x0000016c   0x0000016c   0x00000000   Code   RO         3601    .ARM.Collect$$libinit$$00000015  c_w.l(libinit2.o)
    0x0000016c   0x0000016c   0x00000000   Code   RO         3603    .ARM.Collect$$libinit$$00000017  c_w.l(libinit2.o)
    0x0000016c   0x0000016c   0x00000000   Code   RO         3605    .ARM.Collect$$libinit$$00000019  c_w.l(libinit2.o)
    0x0000016c   0x0000016c   0x00000000   Code   RO         3607    .ARM.Collect$$libinit$$0000001B  c_w.l(libinit2.o)
    0x0000016c   0x0000016c   0x00000000   Code   RO         3609    .ARM.Collect$$libinit$$0000001D  c_w.l(libinit2.o)
    0x0000016c   0x0000016c   0x00000000   Code   RO         3611    .ARM.Collect$$libinit$$0000001F  c_w.l(libinit2.o)
    0x0000016c   0x0000016c   0x00000000   Code   RO         3613    .ARM.Collect$$libinit$$00000021  c_w.l(libinit2.o)
    0x0000016c   0x0000016c   0x00000000   Code   RO         3615    .ARM.Collect$$libinit$$00000023  c_w.l(libinit2.o)
    0x0000016c   0x0000016c   0x00000000   Code   RO         3617    .ARM.Collect$$libinit$$00000025  c_w.l(libinit2.o)
    0x0000016c   0x0000016c   0x00000000   Code   RO         3621    .ARM.Collect$$libinit$$0000002C  c_w.l(libinit2.o)
    0x0000016c   0x0000016c   0x00000000   Code   RO         3623    .ARM.Collect$$libinit$$0000002E  c_w.l(libinit2.o)
    0x0000016c   0x0000016c   0x00000000   Code   RO         3625    .ARM.Collect$$libinit$$00000030  c_w.l(libinit2.o)
    0x0000016c   0x0000016c   0x00000000   Code   RO         3627    .ARM.Collect$$libinit$$00000032  c_w.l(libinit2.o)
    0x0000016c   0x0000016c   0x00000002   Code   RO         3628    .ARM.Collect$$libinit$$00000033  c_w.l(libinit2.o)
    0x0000016e   0x0000016e   0x00000002   Code   RO         3652    .ARM.Collect$$libshutdown$$00000000  c_w.l(libshutdown.o)
    0x00000170   0x00000170   0x00000000   Code   RO         3678    .ARM.Collect$$libshutdown$$00000002  c_w.l(libshutdown2.o)
    0x00000170   0x00000170   0x00000000   Code   RO         3680    .ARM.Collect$$libshutdown$$00000004  c_w.l(libshutdown2.o)
    0x00000170   0x00000170   0x00000000   Code   RO         3683    .ARM.Collect$$libshutdown$$00000007  c_w.l(libshutdown2.o)
    0x00000170   0x00000170   0x00000000   Code   RO         3686    .ARM.Collect$$libshutdown$$0000000A  c_w.l(libshutdown2.o)
    0x00000170   0x00000170   0x00000000   Code   RO         3688    .ARM.Collect$$libshutdown$$0000000C  c_w.l(libshutdown2.o)
    0x00000170   0x00000170   0x00000000   Code   RO         3691    .ARM.Collect$$libshutdown$$0000000F  c_w.l(libshutdown2.o)
    0x00000170   0x00000170   0x00000002   Code   RO         3692    .ARM.Collect$$libshutdown$$00000010  c_w.l(libshutdown2.o)
    0x00000172   0x00000172   0x00000000   Code   RO         3528    .ARM.Collect$$rtentry$$00000000  c_w.l(__rtentry.o)
    0x00000172   0x00000172   0x00000000   Code   RO         3543    .ARM.Collect$$rtentry$$00000002  c_w.l(__rtentry2.o)
    0x00000172   0x00000172   0x00000006   Code   RO         3555    .ARM.Collect$$rtentry$$00000004  c_w.l(__rtentry4.o)
    0x00000178   0x00000178   0x00000008   Code   RO         3544    .ARM.Collect$$rtentry$$00000008  c_w.l(__rtentry2.o)
    0x00000180   0x00000180   0x00000004   Code   RO         3546    .ARM.Collect$$rtentry$$0000000A  c_w.l(__rtentry2.o)
    0x00000184   0x00000184   0x00000000   Code   RO         3548    .ARM.Collect$$rtentry$$0000000C  c_w.l(__rtentry2.o)
    0x00000184   0x00000184   0x00000008   Code   RO         3549    .ARM.Collect$$rtentry$$0000000D  c_w.l(__rtentry2.o)
    0x0000018c   0x0000018c   0x00000002   Code   RO         3576    .ARM.Collect$$rtexit$$00000000  c_w.l(rtexit.o)
    0x0000018e   0x0000018e   0x00000000   Code   RO         3630    .ARM.Collect$$rtexit$$00000002  c_w.l(rtexit2.o)
    0x0000018e   0x0000018e   0x00000004   Code   RO         3631    .ARM.Collect$$rtexit$$00000003  c_w.l(rtexit2.o)
    0x00000192   0x00000192   0x00000006   Code   RO         3632    .ARM.Collect$$rtexit$$00000004  c_w.l(rtexit2.o)
    0x00000198   0x00000198   0x00000148   Code   RO         2169    .emb_text           rtx_mempool.o
    0x000002e0   0x000002e0   0x00000006   Code   RO         3524    .text               c_w.l(heapauxi.o)
    0x000002e6   0x000002e6   0x0000000a   Code   RO         3537    .text               c_w.l(_sputc.o)
    0x000002f0   0x000002f0   0x00000008   Code   RO         3573    .text               c_w.l(libspace.o)
    0x000002f8   0x000002f8   0x00000002   Code   RO          813    i.EvrRtxEventFlagsWaitTimeout  rtx_evr.o
    0x000002fa   0x000002fa   0x00000002   Code   RO          814    i.EvrRtxKernelError  rtx_evr.o
    0x000002fc   0x000002fc   0x00000004   Code   RO         3441    .ARM.__at_0x02FC    startup_lpc17xx.o
    0x00000300   0x00000300   0x00000148   Code   RO         2331    .emb_text           rtx_msgqueue.o
    0x00000448   0x00000448   0x00000148   Code   RO         2737    .emb_text           rtx_system.o
    0x00000590   0x00000590   0x00000148   Code   RO         2793    .emb_text           rtx_thread.o
    0x000006d8   0x000006d8   0x00000094   Code   RO          563    .text               irq_cm3.o
    0x0000076c   0x0000076c   0x00000040   Code   RO         3442  * .text               startup_lpc17xx.o
    0x000007ac   0x000007ac   0x00000028   Code   RO         3490    .text               c_w.l(noretval__2sprintf.o)
    0x000007d4   0x000007d4   0x00000068   Code   RO         3492    .text               c_w.l(__printf.o)
    0x0000083c   0x0000083c   0x00000078   Code   RO         3494    .text               c_w.l(_printf_dec.o)
    0x000008b4   0x000008b4   0x0000008a   Code   RO         3518    .text               c_w.l(rt_memcpy_v6.o)
    0x0000093e   0x0000093e   0x00000044   Code   RO         3520    .text               c_w.l(rt_memclr.o)
    0x00000982   0x00000982   0x0000004e   Code   RO         3522    .text               c_w.l(rt_memclr_w.o)
    0x000009d0   0x000009d0   0x000000b2   Code   RO         3533    .text               c_w.l(_printf_intcommon.o)
    0x00000a82   0x00000a82   0x00000002   PAD
    0x00000a84   0x00000a84   0x00000030   Code   RO         3535    .text               c_w.l(_printf_char_common.o)
    0x00000ab4   0x00000ab4   0x00000064   Code   RO         3540    .text               c_w.l(rt_memcpy_w.o)
    0x00000b18   0x00000b18   0x0000004a   Code   RO         3561    .text               c_w.l(sys_stackheap_outer.o)
    0x00000b62   0x00000b62   0x00000012   Code   RO         3563    .text               c_w.l(exit.o)
    0x00000b74   0x00000b74   0x00000002   Code   RO          816    i.EvrRtxKernelGetState  rtx_evr.o
    0x00000b76   0x00000b76   0x00000002   Code   RO          820    i.EvrRtxKernelGetTickFreq  rtx_evr.o
    0x00000b78   0x00000b78   0x00000002   Code   RO          822    i.EvrRtxKernelInitialize  rtx_evr.o
    0x00000b7a   0x00000b7a   0x00000002   Code   RO          823    i.EvrRtxKernelInitialized  rtx_evr.o
    0x00000b7c   0x00000b7c   0x00000002   Code   RO          830    i.EvrRtxKernelStart  rtx_evr.o
    0x00000b7e   0x00000b7e   0x00000002   Code   RO          831    i.EvrRtxKernelStarted  rtx_evr.o
    0x00000b80   0x00000b80   0x00000002   Code   RO          836    i.EvrRtxMemoryAlloc  rtx_evr.o
    0x00000b82   0x00000b82   0x00000002   Code   RO          837    i.EvrRtxMemoryBlockAlloc  rtx_evr.o
    0x00000b84   0x00000b84   0x00000002   Code   RO          838    i.EvrRtxMemoryBlockFree  rtx_evr.o
    0x00000b86   0x00000b86   0x00000002   Code   RO          839    i.EvrRtxMemoryBlockInit  rtx_evr.o
    0x00000b88   0x00000b88   0x00000002   Code   RO          840    i.EvrRtxMemoryFree  rtx_evr.o
    0x00000b8a   0x00000b8a   0x00000002   Code   RO          841    i.EvrRtxMemoryInit  rtx_evr.o
    0x00000b8c   0x00000b8c   0x00000002   Code   RO          845    i.EvrRtxMemoryPoolAllocTimeout  rtx_evr.o
    0x00000b8e   0x00000b8e   0x00000002   Code   RO          860    i.EvrRtxMessageQueueCreated  rtx_evr.o
    0x00000b90   0x00000b90   0x00000002   Code   RO          863    i.EvrRtxMessageQueueError  rtx_evr.o
    0x00000b92   0x00000b92   0x00000002   Code   RO          864    i.EvrRtxMessageQueueGet  rtx_evr.o
    0x00000b94   0x00000b94   0x00000002   Code   RO          869    i.EvrRtxMessageQueueGetPending  rtx_evr.o
    0x00000b96   0x00000b96   0x00000002   Code   RO          871    i.EvrRtxMessageQueueGetTimeout  rtx_evr.o
    0x00000b98   0x00000b98   0x00000002   Code   RO          872    i.EvrRtxMessageQueueInsertPending  rtx_evr.o
    0x00000b9a   0x00000b9a   0x00000002   Code   RO          873    i.EvrRtxMessageQueueInserted  rtx_evr.o
    0x00000b9c   0x00000b9c   0x00000002   Code   RO          874    i.EvrRtxMessageQueueNew  rtx_evr.o
    0x00000b9e   0x00000b9e   0x00000002   Code   RO          875    i.EvrRtxMessageQueueNotInserted  rtx_evr.o
    0x00000ba0   0x00000ba0   0x00000002   Code   RO          876    i.EvrRtxMessageQueueNotRetrieved  rtx_evr.o
    0x00000ba2   0x00000ba2   0x00000002   Code   RO          877    i.EvrRtxMessageQueuePut  rtx_evr.o
    0x00000ba4   0x00000ba4   0x00000002   Code   RO          878    i.EvrRtxMessageQueuePutPending  rtx_evr.o
    0x00000ba6   0x00000ba6   0x00000002   Code   RO          879    i.EvrRtxMessageQueuePutTimeout  rtx_evr.o
    0x00000ba8   0x00000ba8   0x00000002   Code   RO          882    i.EvrRtxMessageQueueRetrieved  rtx_evr.o
    0x00000baa   0x00000baa   0x00000002   Code   RO          883    i.EvrRtxMutexAcquire  rtx_evr.o
    0x00000bac   0x00000bac   0x00000002   Code   RO          884    i.EvrRtxMutexAcquirePending  rtx_evr.o
    0x00000bae   0x00000bae   0x00000002   Code   RO          885    i.EvrRtxMutexAcquireTimeout  rtx_evr.o
    0x00000bb0   0x00000bb0   0x00000002   Code   RO          886    i.EvrRtxMutexAcquired  rtx_evr.o
    0x00000bb2   0x00000bb2   0x00000002   Code   RO          887    i.EvrRtxMutexCreated  rtx_evr.o
    0x00000bb4   0x00000bb4   0x00000002   Code   RO          888    i.EvrRtxMutexDelete  rtx_evr.o
    0x00000bb6   0x00000bb6   0x00000002   Code   RO          889    i.EvrRtxMutexDestroyed  rtx_evr.o
    0x00000bb8   0x00000bb8   0x00000002   Code   RO          890    i.EvrRtxMutexError  rtx_evr.o
    0x00000bba   0x00000bba   0x00000002   Code   RO          893    i.EvrRtxMutexNew    rtx_evr.o
    0x00000bbc   0x00000bbc   0x00000002   Code   RO          894    i.EvrRtxMutexNotAcquired  rtx_evr.o
    0x00000bbe   0x00000bbe   0x00000002   Code   RO          895    i.EvrRtxMutexRelease  rtx_evr.o
    0x00000bc0   0x00000bc0   0x00000002   Code   RO          896    i.EvrRtxMutexReleased  rtx_evr.o
    0x00000bc2   0x00000bc2   0x00000002   Code   RO          899    i.EvrRtxSemaphoreAcquireTimeout  rtx_evr.o
    0x00000bc4   0x00000bc4   0x00000002   Code   RO          911    i.EvrRtxThreadBlocked  rtx_evr.o
    0x00000bc6   0x00000bc6   0x00000002   Code   RO          912    i.EvrRtxThreadCreated  rtx_evr.o
    0x00000bc8   0x00000bc8   0x00000002   Code   RO          913    i.EvrRtxThreadDelay  rtx_evr.o
    0x00000bca   0x00000bca   0x00000002   Code   RO          914    i.EvrRtxThreadDelayCompleted  rtx_evr.o
    0x00000bcc   0x00000bcc   0x00000002   Code   RO          916    i.EvrRtxThreadDestroyed  rtx_evr.o
    0x00000bce   0x00000bce   0x00000002   Code   RO          920    i.EvrRtxThreadError  rtx_evr.o
    0x00000bd0   0x00000bd0   0x00000002   Code   RO          921    i.EvrRtxThreadExit  rtx_evr.o
    0x00000bd2   0x00000bd2   0x00000002   Code   RO          928    i.EvrRtxThreadFlagsWaitCompleted  rtx_evr.o
    0x00000bd4   0x00000bd4   0x00000002   Code   RO          931    i.EvrRtxThreadFlagsWaitTimeout  rtx_evr.o
    0x00000bd6   0x00000bd6   0x00000002   Code   RO          941    i.EvrRtxThreadJoined  rtx_evr.o
    0x00000bd8   0x00000bd8   0x00000002   Code   RO          942    i.EvrRtxThreadNew   rtx_evr.o
    0x00000bda   0x00000bda   0x00000002   Code   RO          943    i.EvrRtxThreadPreempted  rtx_evr.o
    0x00000bdc   0x00000bdc   0x00000002   Code   RO          949    i.EvrRtxThreadSwitched  rtx_evr.o
    0x00000bde   0x00000bde   0x00000002   Code   RO          951    i.EvrRtxThreadUnblocked  rtx_evr.o
    0x00000be0   0x00000be0   0x00000002   Code   RO          952    i.EvrRtxThreadYield  rtx_evr.o
    0x00000be2   0x00000be2   0x00000002   Code   RO          953    i.EvrRtxTimerCallback  rtx_evr.o
    0x00000be4   0x00000be4   0x0000002a   Code   RO          144    i.GLCD_Clear        glcd_spi_lpc1700.o
    0x00000c0e   0x00000c0e   0x00000002   PAD
    0x00000c10   0x00000c10   0x0000005c   Code   RO          146    i.GLCD_DisplayChar  glcd_spi_lpc1700.o
    0x00000c6c   0x00000c6c   0x00000028   Code   RO          147    i.GLCD_DisplayString  glcd_spi_lpc1700.o
    0x00000c94   0x00000c94   0x0000009c   Code   RO          148    i.GLCD_DrawChar     glcd_spi_lpc1700.o
    0x00000d30   0x00000d30   0x000005e8   Code   RO          149    i.GLCD_Init         glcd_spi_lpc1700.o
    0x00001318   0x00001318   0x0000000c   Code   RO          152    i.GLCD_SetBackColor  glcd_spi_lpc1700.o
    0x00001324   0x00001324   0x0000000c   Code   RO          153    i.GLCD_SetTextColor  glcd_spi_lpc1700.o
    0x00001330   0x00001330   0x000000ac   Code   RO          154    i.GLCD_SetWindow    glcd_spi_lpc1700.o
    0x000013dc   0x000013dc   0x00000012   Code   RO          155    i.GLCD_WindowMax    glcd_spi_lpc1700.o
    0x000013ee   0x000013ee   0x00000018   Code   RO          571    i.IsIrqMasked       rtx_delay.o
    0x00001406   0x00001406   0x00000018   Code   RO         1819    i.IsIrqMasked       rtx_kernel.o
    0x0000141e   0x0000141e   0x00000018   Code   RO         2332    i.IsIrqMasked       rtx_msgqueue.o
    0x00001436   0x00001436   0x00000018   Code   RO         2510    i.IsIrqMasked       rtx_mutex.o
    0x0000144e   0x0000144e   0x00000018   Code   RO         2794    i.IsIrqMasked       rtx_thread.o
    0x00001466   0x00001466   0x00000010   Code   RO          572    i.IsIrqMode         rtx_delay.o
    0x00001476   0x00001476   0x00000010   Code   RO         1820    i.IsIrqMode         rtx_kernel.o
    0x00001486   0x00001486   0x00000010   Code   RO         2333    i.IsIrqMode         rtx_msgqueue.o
    0x00001496   0x00001496   0x00000010   Code   RO         2511    i.IsIrqMode         rtx_mutex.o
    0x000014a6   0x000014a6   0x00000010   Code   RO         2795    i.IsIrqMode         rtx_thread.o
    0x000014b6   0x000014b6   0x00000010   Code   RO         1821    i.IsPrivileged      rtx_kernel.o
    0x000014c6   0x000014c6   0x0000000a   Code   RO         2122    i.MemBlockPtr       rtx_memory.o
    0x000014d0   0x000014d0   0x00000034   Code   RO         2334    i.MessageQueueGet   rtx_msgqueue.o
    0x00001504   0x00001504   0x0000004c   Code   RO         2335    i.MessageQueuePut   rtx_msgqueue.o
    0x00001550   0x00001550   0x00000022   Code   RO         2336    i.MessageQueueRemove  rtx_msgqueue.o
    0x00001572   0x00001572   0x00000008   Code   RO         3337    i.OS_Tick_AcknowledgeIRQ  os_systick.o
    0x0000157a   0x0000157a   0x00000002   PAD
    0x0000157c   0x0000157c   0x00000030   Code   RO         3339    i.OS_Tick_Enable    os_systick.o
    0x000015ac   0x000015ac   0x00000006   Code   RO         3342    i.OS_Tick_GetIRQn   os_systick.o
    0x000015b2   0x000015b2   0x00000002   PAD
    0x000015b4   0x000015b4   0x00000050   Code   RO         3345    i.OS_Tick_Setup     os_systick.o
    0x00001604   0x00001604   0x00000140   Code   RO         3452    i.SystemInit        system_lpc17xx.o
    0x00001744   0x00001744   0x00000056   Code   RO         2796    i.ThreadFlagsCheck  rtx_thread.o
    0x0000179a   0x0000179a   0x00000002   PAD
    0x0000179c   0x0000179c   0x00000040   Code   RO         3213    i.TimerInsert       rtx_timer.o
    0x000017dc   0x000017dc   0x00000018   Code   RO         3215    i.TimerUnlink       rtx_timer.o
    0x000017f4   0x000017f4   0x00000068   Code   RO          401    i.UART0_IRQHandler  uart.o
    0x0000185c   0x0000185c   0x00000070   Code   RO          402    i.UART1_IRQHandler  uart.o
    0x000018cc   0x000018cc   0x00000016   Code   RO         2038    i._mutex_acquire    rtx_lib.o
    0x000018e2   0x000018e2   0x0000000c   Code   RO         2039    i._mutex_free       rtx_lib.o
    0x000018ee   0x000018ee   0x00000022   Code   RO         2040    i._mutex_initialize  rtx_lib.o
    0x00001910   0x00001910   0x00000012   Code   RO         2041    i._mutex_release    rtx_lib.o
    0x00001922   0x00001922   0x00000008   Code   RO         2042    i._platform_post_stackheap_init  rtx_lib.o
    0x0000192a   0x0000192a   0x00000004   Code   RO          328    i._sys_exit         retarget.o
    0x0000192e   0x0000192e   0x00000002   PAD
    0x00001930   0x00001930   0x000003ec   Code   RO          509    i.board             main.o
    0x00001d1c   0x00001d1c   0x00000160   Code   RO          510    i.check_winner      main.o
    0x00001e7c   0x00001e7c   0x0000000e   Code   RO          158    i.delay             glcd_spi_lpc1700.o
    0x00001e8a   0x00001e8a   0x00000082   Code   RO         2337    i.isrRtxMessageQueueGet  rtx_msgqueue.o
    0x00001f0c   0x00001f0c   0x00000086   Code   RO         2338    i.isrRtxMessageQueuePut  rtx_msgqueue.o
    0x00001f92   0x00001f92   0x00000002   PAD
    0x00001f94   0x00001f94   0x00000034   Code   RO         2738    i.isr_queue_get     rtx_system.o
    0x00001fc8   0x00001fc8   0x0000003c   Code   RO         2739    i.isr_queue_put     rtx_system.o
    0x00002004   0x00002004   0x00000038   Code   RO          511    i.main              main.o
    0x0000203c   0x0000203c   0x0000003c   Code   RO          573    i.osDelay           rtx_delay.o
    0x00002078   0x00002078   0x00000030   Code   RO         1825    i.osKernelGetState  rtx_kernel.o
    0x000020a8   0x000020a8   0x0000002c   Code   RO         1829    i.osKernelGetTickFreq  rtx_kernel.o
    0x000020d4   0x000020d4   0x00000038   Code   RO         1830    i.osKernelInitialize  rtx_kernel.o
    0x0000210c   0x0000210c   0x00000034   Code   RO         1834    i.osKernelStart     rtx_kernel.o
    0x00002140   0x00002140   0x00000054   Code   RO         2340    i.osMessageQueueGet  rtx_msgqueue.o
    0x00002194   0x00002194   0x0000004c   Code   RO         2346    i.osMessageQueueNew  rtx_msgqueue.o
    0x000021e0   0x000021e0   0x00000054   Code   RO         2347    i.osMessageQueuePut  rtx_msgqueue.o
    0x00002234   0x00002234   0x00000044   Code   RO         2512    i.osMutexAcquire    rtx_mutex.o
    0x00002278   0x00002278   0x0000003c   Code   RO         2513    i.osMutexDelete     rtx_mutex.o
    0x000022b4   0x000022b4   0x0000003c   Code   RO         2516    i.osMutexNew        rtx_mutex.o
    0x000022f0   0x000022f0   0x0000003c   Code   RO         2517    i.osMutexRelease    rtx_mutex.o
    0x0000232c   0x0000232c   0x00000020   Code   RO         3411    i.osRtxErrorNotify  rtx_config.o
    0x0000234c   0x0000234c   0x00000004   Code   RO         3412    i.osRtxIdleThread   rtx_config.o
    0x00002350   0x00002350   0x0000000c   Code   RO         2800    i.osRtxKernelGetState  rtx_thread.o
    0x0000235c   0x0000235c   0x00000002   Code   RO         2043    i.osRtxKernelPreInit  rtx_lib.o
    0x0000235e   0x0000235e   0x000000ee   Code   RO         2123    i.osRtxMemoryAlloc  rtx_memory.o
    0x0000244c   0x0000244c   0x0000007c   Code   RO         2124    i.osRtxMemoryFree   rtx_memory.o
    0x000024c8   0x000024c8   0x0000006a   Code   RO         2125    i.osRtxMemoryInit   rtx_memory.o
    0x00002532   0x00002532   0x00000030   Code   RO         2182    i.osRtxMemoryPoolAlloc  rtx_mempool.o
    0x00002562   0x00002562   0x00000044   Code   RO         2183    i.osRtxMemoryPoolFree  rtx_mempool.o
    0x000025a6   0x000025a6   0x00000058   Code   RO         2184    i.osRtxMemoryPoolInit  rtx_mempool.o
    0x000025fe   0x000025fe   0x00000110   Code   RO         2349    i.osRtxMessageQueuePostProcess  rtx_msgqueue.o
    0x0000270e   0x0000270e   0x0000005e   Code   RO         2518    i.osRtxMutexOwnerRelease  rtx_mutex.o
    0x0000276c   0x0000276c   0x00000084   Code   RO         2740    i.osRtxPendSV_Handler  rtx_system.o
    0x000027f0   0x000027f0   0x0000003c   Code   RO         2741    i.osRtxPostProcess  rtx_system.o
    0x0000282c   0x0000282c   0x00000040   Code   RO         2801    i.osRtxThreadBlock  rtx_thread.o
    0x0000286c   0x0000286c   0x00000068   Code   RO         2802    i.osRtxThreadDelayInsert  rtx_thread.o
    0x000028d4   0x000028d4   0x00000074   Code   RO         2803    i.osRtxThreadDelayRemove  rtx_thread.o
    0x00002948   0x00002948   0x000000dc   Code   RO         2804    i.osRtxThreadDelayTick  rtx_thread.o
    0x00002a24   0x00002a24   0x00000070   Code   RO         2805    i.osRtxThreadDispatch  rtx_thread.o
    0x00002a94   0x00002a94   0x00000064   Code   RO         2806    i.osRtxThreadFree   rtx_thread.o
    0x00002af8   0x00002af8   0x0000000c   Code   RO         2807    i.osRtxThreadGetRunning  rtx_thread.o
    0x00002b04   0x00002b04   0x0000001c   Code   RO         2808    i.osRtxThreadListGet  rtx_thread.o
    0x00002b20   0x00002b20   0x00000032   Code   RO         2809    i.osRtxThreadListPut  rtx_thread.o
    0x00002b52   0x00002b52   0x0000001a   Code   RO         2810    i.osRtxThreadListRemove  rtx_thread.o
    0x00002b6c   0x00002b6c   0x00000012   Code   RO         2811    i.osRtxThreadListRoot  rtx_thread.o
    0x00002b7e   0x00002b7e   0x0000002a   Code   RO         2812    i.osRtxThreadListSort  rtx_thread.o
    0x00002ba8   0x00002ba8   0x00000032   Code   RO         2814    i.osRtxThreadPostProcess  rtx_thread.o
    0x00002bda   0x00002bda   0x00000002   PAD
    0x00002bdc   0x00002bdc   0x00000018   Code   RO         2815    i.osRtxThreadReadyPut  rtx_thread.o
    0x00002bf4   0x00002bf4   0x0000000e   Code   RO         2816    i.osRtxThreadRegPtr  rtx_thread.o
    0x00002c02   0x00002c02   0x00000002   PAD
    0x00002c04   0x00002c04   0x0000000c   Code   RO         2817    i.osRtxThreadSetRunning  rtx_thread.o
    0x00002c10   0x00002c10   0x0000002c   Code   RO         2818    i.osRtxThreadStackCheck  rtx_thread.o
    0x00002c3c   0x00002c3c   0x00000060   Code   RO         2819    i.osRtxThreadStartup  rtx_thread.o
    0x00002c9c   0x00002c9c   0x0000001c   Code   RO         2820    i.osRtxThreadSwitch  rtx_thread.o
    0x00002cb8   0x00002cb8   0x00000054   Code   RO         2821    i.osRtxThreadWaitEnter  rtx_thread.o
    0x00002d0c   0x00002d0c   0x00000036   Code   RO         2822    i.osRtxThreadWaitExit  rtx_thread.o
    0x00002d42   0x00002d42   0x00000002   PAD
    0x00002d44   0x00002d44   0x000000a0   Code   RO         2742    i.osRtxTick_Handler  rtx_system.o
    0x00002de4   0x00002de4   0x00000058   Code   RO         3216    i.osRtxTimerThread  rtx_timer.o
    0x00002e3c   0x00002e3c   0x0000005c   Code   RO         3217    i.osRtxTimerTick    rtx_timer.o
    0x00002e98   0x00002e98   0x00000020   Code   RO         2825    i.osThreadExit      rtx_thread.o
    0x00002eb8   0x00002eb8   0x0000004c   Code   RO         2838    i.osThreadNew       rtx_thread.o
    0x00002f04   0x00002f04   0x00000038   Code   RO         2843    i.osThreadYield     rtx_thread.o
    0x00002f3c   0x00002f3c   0x00000020   Code   RO         2044    i.os_kernel_is_active  rtx_lib.o
    0x00002f5c   0x00002f5c   0x0000008c   Code   RO          159    i.rd_id_man         glcd_spi_lpc1700.o
    0x00002fe8   0x00002fe8   0x00000048   Code   RO          160    i.rd_reg            glcd_spi_lpc1700.o
    0x00003030   0x00003030   0x00000020   Code   RO          161    i.spi_tran          glcd_spi_lpc1700.o
    0x00003050   0x00003050   0x00000080   Code   RO          162    i.spi_tran_man      glcd_spi_lpc1700.o
    0x000030d0   0x000030d0   0x00000018   Code   RO          575    i.svcRtxDelay       rtx_delay.o
    0x000030e8   0x000030e8   0x00000018   Code   RO         1839    i.svcRtxKernelGetState  rtx_kernel.o
    0x00003100   0x00003100   0x00000014   Code   RO         1843    i.svcRtxKernelGetTickFreq  rtx_kernel.o
    0x00003114   0x00003114   0x00000264   Code   RO         1844    i.svcRtxKernelInitialize  rtx_kernel.o
    0x00003378   0x00003378   0x000000e8   Code   RO         1848    i.svcRtxKernelStart  rtx_kernel.o
    0x00003460   0x00003460   0x00000140   Code   RO         2351    i.svcRtxMessageQueueGet  rtx_msgqueue.o
    0x000035a0   0x000035a0   0x00000194   Code   RO         2357    i.svcRtxMessageQueueNew  rtx_msgqueue.o
    0x00003734   0x00003734   0x00000128   Code   RO         2358    i.svcRtxMessageQueuePut  rtx_msgqueue.o
    0x0000385c   0x0000385c   0x0000010c   Code   RO         2519    i.svcRtxMutexAcquire  rtx_mutex.o
    0x00003968   0x00003968   0x000000ec   Code   RO         2520    i.svcRtxMutexDelete  rtx_mutex.o
    0x00003a54   0x00003a54   0x000000ac   Code   RO         2523    i.svcRtxMutexNew    rtx_mutex.o
    0x00003b00   0x00003b00   0x00000108   Code   RO         2524    i.svcRtxMutexRelease  rtx_mutex.o
    0x00003c08   0x00003c08   0x00000094   Code   RO         2846    i.svcRtxThreadExit  rtx_thread.o
    0x00003c9c   0x00003c9c   0x00000278   Code   RO         2859    i.svcRtxThreadNew   rtx_thread.o
    0x00003f14   0x00003f14   0x00000048   Code   RO         2864    i.svcRtxThreadYield  rtx_thread.o
    0x00003f5c   0x00003f5c   0x00000218   Code   RO          512    i.turns             main.o
    0x00004174   0x00004174   0x00000028   Code   RO          163    i.wr_cmd            glcd_spi_lpc1700.o
    0x0000419c   0x0000419c   0x00000028   Code   RO          164    i.wr_dat            glcd_spi_lpc1700.o
    0x000041c4   0x000041c4   0x00000012   Code   RO          165    i.wr_dat_only       glcd_spi_lpc1700.o
    0x000041d6   0x000041d6   0x00000002   PAD
    0x000041d8   0x000041d8   0x00000014   Code   RO          166    i.wr_dat_start      glcd_spi_lpc1700.o
    0x000041ec   0x000041ec   0x0000000c   Code   RO          167    i.wr_dat_stop       glcd_spi_lpc1700.o
    0x000041f8   0x000041f8   0x00000014   Code   RO          168    i.wr_reg            glcd_spi_lpc1700.o
    0x0000420c   0x0000420c   0x00001880   Data   RO          169    .constdata          glcd_spi_lpc1700.o
    0x00005a8c   0x00005a8c   0x00000001   Data   RO          562    .constdata          irq_cm3.o
    0x00005a8d   0x00005a8d   0x00000003   PAD
    0x00005a90   0x00005a90   0x00000064   Data   RO         2051    .constdata          rtx_lib.o
    0x00005af4   0x00005af4   0x0000000b   Data   RO         1851    .conststrlit        rtx_kernel.o
    0x00005aff   0x00005aff   0x00000001   PAD
    0x00005b00   0x00005b00   0x00000068   Data   RO         2053    .rodata             rtx_lib.o
    0x00005b68   0x00005b68   0x00000020   Data   RO         3696    Region$$Table       anon$$obj.o


    Execution Region ER_RW (Exec base: 0x10000000, Load base: 0x00005b88, Size: 0x0000145c, Max: 0xffffffff, ABSOLUTE, COMPRESSED[0x0000004c])

    Exec Addr    Load Addr    Size         Type   Attr      Idx    E Section Name        Object

    0x10000000   COMPRESSED   0x00001040   Data   RW         2045    .bss.os             rtx_lib.o
    0x10001040   COMPRESSED   0x00000034   Data   RW         2047    .bss.os.msgqueue.cb  rtx_lib.o
    0x10001074   COMPRESSED   0x00000050   Data   RW         2048    .bss.os.msgqueue.mem  rtx_lib.o
    0x100010c4   COMPRESSED   0x00000088   Data   RW         2049    .bss.os.thread.cb   rtx_lib.o
    0x1000114c   COMPRESSED   0x00000004   PAD
    0x10001150   COMPRESSED   0x00000200   Data   RW         2050    .bss.os.thread.stack  rtx_lib.o
    0x10001350   COMPRESSED   0x00000005   Data   RW          170    .data               glcd_spi_lpc1700.o
    0x10001355   COMPRESSED   0x00000003   PAD
    0x10001358   COMPRESSED   0x00000020   Data   RW          411    .data               uart.o
    0x10001378   COMPRESSED   0x00000034   Data   RW          514    .data               main.o
    0x100013ac   COMPRESSED   0x00000005   Data   RW         2052    .data               rtx_lib.o
    0x100013b1   COMPRESSED   0x00000001   Data   RW         3346    .data               os_systick.o
    0x100013b2   COMPRESSED   0x00000002   PAD
    0x100013b4   COMPRESSED   0x00000004   Data   RW         3453    .data               system_lpc17xx.o
    0x100013b8   COMPRESSED   0x000000a4   Data   RW         1852    .data.os            rtx_kernel.o


    Execution Region ER_ZI (Exec base: 0x1000145c, Load base: 0x00005bd4, Size: 0x00004124, Max: 0xffffffff, ABSOLUTE)

    Exec Addr    Load Addr    Size         Type   Attr      Idx    E Section Name        Object

    0x1000145c        -       0x00000080   Zero   RW          410    .bss                uart.o
    0x100014dc        -       0x00000044   Zero   RW          513    .bss                main.o
    0x10001520        -       0x00000060   Zero   RW         3574    .bss                c_w.l(libspace.o)
    0x10001580        -       0x00002000   Zero   RW         3439    HEAP                startup_lpc17xx.o
    0x10003580        -       0x00002000   Zero   RW         3438    STACK               startup_lpc17xx.o


==============================================================================

Image component sizes


      Code (inc. data)   RO Data    RW Data    ZI Data      Debug   Object Name

         0          0          0          0          0       4556   glcd_scroll.o
      2592         94       6272          5          0      29133   glcd_spi_lpc1700.o
       148         10          1          0          0        560   irq_cm3.o
      1948        202          0         52         68       7600   main.o
       142         24          0          1          0       2380   os_systick.o
         4          0          0          0          0        364   retarget.o
        36          6          0          0          0        893   rtx_config.o
       124          4          0          0          0      16385   rtx_delay.o
       116          0          0          0          0      32745   rtx_evr.o
      1144         52         11        164          0      23835   rtx_kernel.o
       128          4        204       4945          0      12464   rtx_lib.o
       478          0          0          0          0       4099   rtx_memory.o
       532          0          0          0          0       3843   rtx_mempool.o
      2330         34          0          0          0      21716   rtx_msgqueue.o
      1322         38          0          0          0      11888   rtx_mutex.o
       792         40          0          0          0       9705   rtx_system.o
      2780        142          0          0          0      28590   rtx_thread.o
       268         28          0          0          0       3259   rtx_timer.o
        68         30        204          0      16384        940   startup_lpc17xx.o
       320         18          0          4          0        747   system_lpc17xx.o
       216         38          0         32        128       2023   uart.o

    ----------------------------------------------------------------------
     15508        764       6728       5212      16580     217725   Object Totals
         0          0         32          0          0          0   (incl. Generated)
        20          0          4          9          0          0   (incl. Padding)

    ----------------------------------------------------------------------

      Code (inc. data)   RO Data    RW Data    ZI Data      Debug   Library Member Name

        58          0          0          0          0          0   __dczerorl.o
         8          0          0          0          0         68   __main.o
       104          0          0          0          0         84   __printf.o
         0          0          0          0          0          0   __rtentry.o
        20          0          0          0          0          0   __rtentry2.o
         6          0          0          0          0          0   __rtentry4.o
        52          8          0          0          0          0   __scatter.o
        28          0          0          0          0          0   __scatter_zi.o
        48          6          0          0          0         96   _printf_char_common.o
         6          0          0          0          0          0   _printf_d.o
       120         16          0          0          0         92   _printf_dec.o
       178          0          0          0          0         88   _printf_intcommon.o
         0          0          0          0          0          0   _printf_percent.o
         4          0          0          0          0          0   _printf_percent_end.o
        10          0          0          0          0         68   _sputc.o
        18          0          0          0          0         80   exit.o
         6          0          0          0          0        152   heapauxi.o
         2          0          0          0          0          0   libinit.o
         2          0          0          0          0          0   libinit2.o
         2          0          0          0          0          0   libshutdown.o
         2          0          0          0          0          0   libshutdown2.o
         8          4          0          0         96         68   libspace.o
        40          6          0          0          0         84   noretval__2sprintf.o
        68          0          0          0          0         68   rt_memclr.o
        78          0          0          0          0         80   rt_memclr_w.o
       138          0          0          0          0         68   rt_memcpy_v6.o
       100          0          0          0          0         80   rt_memcpy_w.o
         2          0          0          0          0          0   rtexit.o
        10          0          0          0          0          0   rtexit2.o
        74          0          0          0          0         80   sys_stackheap_outer.o

    ----------------------------------------------------------------------
      1196         40          0          0         96       1256   Library Totals
         4          0          0          0          0          0   (incl. Padding)

    ----------------------------------------------------------------------

      Code (inc. data)   RO Data    RW Data    ZI Data      Debug   Library Name

      1192         40          0          0         96       1256   c_w.l

    ----------------------------------------------------------------------
      1196         40          0          0         96       1256   Library Totals

    ----------------------------------------------------------------------

==============================================================================


      Code (inc. data)   RO Data    RW Data    ZI Data      Debug   

     16704        804       6728       5212      16676     208733   Grand Totals
     16704        804       6728         76      16676     208733   ELF Image Totals (compressed)
     16704        804       6728         76          0          0   ROM Totals

==============================================================================

    Total RO  Size (Code + RO Data)                23432 (  22.88kB)
    Total RW  Size (RW Data + ZI Data)             21888 (  21.38kB)
    Total ROM Size (Code + RO Data + RW Data)      23508 (  22.96kB)

==============================================================================

